68008
6916c
6a2e7
6b363
6c43f
6d579
6e6e5
6f7d1
608ef
619c9
62a3c
63bcf
64c11
65d01
66ef1
67f6a
05793
4c608
4e584
5b88b
517eb
57e13
02974
5a2df
502d8
142c7
53ebc
3b6b3
69edd
24142
5f050
11059
11871
088f4
480e4
33c11
1867c
4d89b
42d4f
4a9a9
111e9
0a623
04af2
58150
2d486
5746d
050d3
4ecd3
31e2f
65be7
55683
50972
48772
583af
4a146
3a651
1ad4b
19c83
1d02f
6d7a6
4ae8c
0c1e4
64b47
09d33
6a487
350ef
4daf9
029a2
0f2d3
1c364
299de
4b8e8
579fa
4bcb8
0f9e2
2a426
6559d
241ec
57787
4afd9
51111
03d43
06b52
4cd4d
498e0
2a7c4
420b1
53725
5a763
6d74a
0e8b4
48ea5
3103a
55471
4120c
68991
4fd07
06f71
6886c
4cbe4
0a324
2a9fe
0cc60
44d2d
61cc1
57107
52820
4f46c
08060
1f1fb
41596
28c86
2acbc
02a94
0da53
53401
57258
22fdb
2e40a
3687d
159fd
22c5e
63ccb
66967
43084
24bbd
6278f
01661
1586f
225f3
50010
4c525
57d3c
4cce7
1e17f
2919b
54d91
38dc6
42258
36e73
0f623
589d0
341b0
2bb92
15656
33da0
3aea0
2c37d
5a04e
19826
0fc04
6346c
35caf
637ad
63312
09252
09b20
20de3
68f20
09880
4da00
4c708
61baa
14134
4c980
16cd9
4f07d
5cfef
12aba
5579b
281db
58790
39ff3
676c6
172a5
0e9b4
191e4
417f8
6d25d
613cb
59fbc
35571
1d65d
4f668
00281
3ab86
34f3f
332ca
6ccc3
06de1
6754c
360ff
6bbcd
2a9fe
06d72
31398
08103
28d38
49a53
2bcfb
4979f
12127
3eda4
23548
51541
6300d
23ebc
326e6
4e579
6aea7
1d336
394ab
4f136
6f0b2
488fe
6f295
6ed9f
1c483
04a72
05b60
6e069
6cc4a
5fe4f
4482b
51ea5
04b71
25298
13c60
65da8
6f53c
5ba3f
43342
5e203
2f93d
3a841
397dc
2b950
3a1a4
5fab1
32926
52c18
08d64
5d7ed
28809
1e80b
315bb
67aa8
174b9
688cb
5e7d5
0fd24
4ddf4
211a9
14ccd
2b8f0
56388
67e91
575f2
3ab88
392f9
31f65
1a896
53d2b
4d5d8
5c857
5712f
3e45a
18d0d
31278
696be
65556
53e0d
4442f
07bd1
0b012
59292
5b6c1
43fa4
2732a
4d074
2c897
6c304
08150
2dd6f
2a4e9
5a104
08cd3
63330
4077b
16cb1
0c690
26686
2002d
25ece
00a94
27fae
1bfa7
51451
36272
236a9
0dd50
54dcd
2be67
5c35e
0d8e0
3fb86
388d6
3ff5a
3614b
53027
5c428
6eedd
39448
55fd2
219a2
673ad
6cc50
5e106
34b96
10713
4022f
00714
3ca75
07734
695b5
1fb85
2dc86
1ddf6
6e999
2bb6b
01c70
61ce4
5e01c
180d8
20521
0a4f1
15753
4a098
37a12
07ec2
6edc1
56227
1f7e2
2700d
3842b
1a8e3
581e9
35769
09c62
6cb8d
6c432
20f16
68f64
4c841
2eaa9
6bded
100c9
6564a
2bf58
5f09a
3bb30
43d61
59184
52341
36732
0f112
535cf
684a0
2d56c
4807d
2fd51
5b81b
4fd2c
48280
59c64
3437c
001f3
0e403
464fa
15de6
51971
689d3
0afd1
2c31e
68c2e
4f612
4f26c
59913
04a90
04e50
3db37
50a09
52cf1
3edb2
668e9
3c5d9
37443
1ffae
50768
1b20f
36668
19707
185d8
49293
45e2d
6f57e
26945
13b8b
01d54
660a9
4611e
33adb
17c1b
26309
342d8
157a6
44588
47fdb
6bbbe
4d4a4
39c45
2a7a8
116c9
23574
0d200
6b267
6be42
56650
4bbba
65ac8
104ea
675e0
370c3
4383c
6d3de
4b473
36180
1fe03
26715
379db
5dc6c
08f60
6246e
0f251
52c5f
438d5
3dac2
4db17
4ddc4
15eca
007a1
10616
677c4
4936b
5fb15
4c2b8
5593e
5cddf
11b2d
138b3
216af
084f1
14961
47535
2890e
17bc7
54485
4bb21
16d5c
12973
1a9e2
68f4b
1a40c
31aa7
018a4
23605
47764
118ca
3f2d8
6f104
569f0
584a4
2f56b
29e14
6fc98
193c3
6223f
58af2
26f10
49e0c
275de
0b6c1
57bc7
06f14
02694
0afc0
42a13
16812
3e32d
348f5
4070c
605ff
1ebcd
50f48
3994d
5463f
1fb5e
0a172
0cd84
6c1d8
00281
2064b
2d5d5
1a987
3aea7
6a317
3a98a
40fbe
32619
45568
5dcf1
547be
09391
5ea30
633eb
3675d
6087f
40bc6
342ac
606d3
5e3c3
5498c
3ad99
1f5e5
500b1
116c7
0b891
34430
316a0
1b3b1
1232e
0df23
48df9
49945
147ab
1036b
17c01
4fc2c
12fb9
65840
03fa0
03d74
6216a
4f697
655b4
388c1
6beee
40083
69940
6f152
35d85
424b1
576b4
30af1
5b99f
4369e
5135d
10cd0
2c529
555d5
2ae7b
3f82f
2fa69
5c48d
2ad02
0de01
1eadf
071c3
589c3
66aed
09ba3
37774
4ebd3
449a0
2ed42
230f0
68a4b
533ec
4b14f
4c90e
622d5
10bd4
155da
56b39
0ef81
15e7b
1f3d5
04fc3
621b5
1431b
5ff2d
56268
033e2
53814
4a937
0a1b1
215e1
6fae5
44fc7
32797
48cd4
53935
40d85
420de
46957
36e18
3f23d
0a391
2a649
2db4e
6a1f9
5557b
6d36c
587eb
3ac4e
04a50
3afcb
02792
34bbc
54a80
2729b
05541
38502
3fa27
082b2
23c39
42159
2dc92
647a9
4e06e
0e553
3e637
6eac6
0e9f1
133fb
09d40
587a1
399f8
05e22
16a06
27148
6f5bc
0dce0
53de6
19f5a
469f1
68780
4c608
3cfbf
4e167
5cc1e
3bb6a
2795e
08d90
07782
61d4a
5764a
24fc2
5405f
36586
1ff80
5d9f4
6fb34
16cc6
011f1
2a278
69598
4d98d
02400
2cafe
622bc
0a4f1
3a5d4
51447
10973
3904a
3ac34
142a9
55ff8
51e6b
3e341
14062
5fb7a
44429
27ca4
35ed5
01bc0
51dcf
62223
65bf8
2567e
000e4
156d9
65fe9
508f0
2b3b0
487c7
263f3
6e4f3
52cb1
1e990
3ce52
0bc32
5fd6e
34a42
3bbd9
0cd43
26236
2c764
675b6
5c1ac
627d0
2a2e1
2287f
0b440
6639f
1997b
49983
56c75
05c63
1a4c1
53418
17fe0
34431
3d996
375fc
68bf0
37d62
2e3db
634b2
51343
4a30d
6f8f8
19675
62d1a
3f613
34b11
223c2
614a2
6a021
1d99a
486ec
1f105
1fcc9
37eb6
27d35
414c5
58817
367ff
4cb54
6a99e
2026a
642f4
1347f
05cd0
1b33c
35840
61a2c
602ec
2f175
64406
53188
68c7f
50b2c
6da44
0e8c3
31ff2
49e42
2dd4a
29b7e
13931
0cbc4
1d930
155a1
2557f
0e4f3
1dd94
28ec9
0b863
63a73
483cd
0ed32
1b018
5254e
5e42c
4a9db
04533
1d0d9
180fd
3504f
2bc13
5eb32
62769
66929
35dc4
02482
1f38b
63242
411be
19440
4fc12
19e42
6bfba
1b591
15b60
55d97
57beb
54e6e
1ac7f
53c8d
39886
6edc7
01121
11eb8
25a51
294ef
2a736
00410
40c2b
548b3
08b83
60fd0
3ed24
02174
36c07
509e0
5940f
3834c
665eb
6fdbc
56f23
4bee3
3170c
433de
4aa58
4bf5b
318fb
64ce5
5e1b2
5077a
1b13a
512fd
6bb7e
1827e
1c642
0dca2
06ff3
38ddc
4884c
00c41
267ce
2936d
69510
20f89
5707f
52f6a
6ba70
0fc60
2e51c
435cc
49479
53789
57059
5e081
519c0
1df40
3bf77
629d3
07bc0
35e82
66a71
431c2
13f9a
475dc
57c70
2f2c4
4b0f2
68609
2e8e6
183e2
4bb40
14d8b
34f64
51db7
3c361
164e9
10456
20461
008b1
1cc56
4c49e
5e248
120eb
038a4
10ce4
45127
46912
0f3a4
36c1c
2585d
50b07
08414
466a7
37fe8
57c33
63ad0
14c75
32d4a
2100f
22e2f
58c13
5e3ac
29a75
663b6
2dcc3
346d7
3013d
088a2
02852
50ff5
524a3
36be4
2dea5
03f92
6f3ab
1163f
646ef
2db9e
425d0
18b19
57cbe
5ab80
5b8b8
40434
265a6
6d5c7
19769
1816a
27bdc
022b1
244a6
60755
4f42f
48319
1d981
09f30
2fbf9
3a048
3729c
6b754
3ad95
21a89
143e8
41a15
3f1c4
5bb27
06480
449d2
05c01
3764e
15c4b
0c500
35311
2fa2c
01ab3
3aa25
4d577
004c3
1d887
020e1
11f6e
420e0
2d2c7
53bd7
41daf
2146a
184d6
54f22
6f123
2bf83
2f937
2bfa0
59257
2bb4f
3b22f
6cdd9
573b1
5e3d4
406f8
60509
