7363
7363
7363
7363
7363
7363
7363
7363
7363
7363
7363
7363
7363
7363
7363
7363
7363
7363
7363
7363
7363
7363
7363
7363
7363
7363
7363
7363
7363
7363
7363
7363
7363
7363
f801
f801
f801
f801
f801
f801
f801
f801
f801
f801
f801
f801
f801
f801
f801
f801
f801
f801
f801
f801
f801
f801
f801
f801
f801
f801
f801
f801
f801
f801
f801
0c6c
0c6c
0c6c
0c6c
0c6c
0c6c
0c6c
0c6c
0c6c
0c6c
0c6c
0c6c
0c6c
0c6c
0c6c
0c6c
0c6c
0c6c
0c6c
0c6c
0c6c
10ca
10ca
10ca
10ca
10ca
10ca
1ee2
1ee2
1ee2
1ee2
1ee2
1ee2
1ee2
1ee2
1ee2
1ee2
1ee2
1ee2
1ee2
1ee2
1ee2
1ee2
1ee2
1ee2
1ee2
1ee2
1ee2
1ee2
1ee2
1ee2
1ee2
1ee2
2c48
2c48
2c48
2c48
2c48
2c48
c423
c423
c423
c423
c423
c423
c423
c423
c423
c423
c423
c423
c423
c423
c423
c423
c423
c423
c423
c423
c423
c423
c423
c423
c423
c423
0c62
0c62
0c62
0c62
0c62
0c62
0c62
0c62
0c62
0c62
0c62
0c62
0c62
0c62
0c62
0c62
ae02
ae02
ae02
ae02
ae02
ae02
ae02
ae02
ae02
ae02
ae02
ae02
ae02
ae02
ae02
ae02
ae02
ae02
ae02
ae02
ae02
ae02
ae02
ae02
ae02
9f46
9f46
9f46
9f46
9f46
ff66
ff66
ff66
ff66
ff66
ff66
ff66
ff66
ff66
2c4f
2c4f
2c4f
2c4f
2c4f
2c4f
2c4f
2c4f
db86
db86
db86
db86
db86
db86
db86
9761
9761
9761
9761
9761
9761
9761
a80d
a80d
a80d
a80d
a80d
a80d
a80d
a80d
a80d
0001
0001
0001
0001
0001
0001
0001
2440
ebfe
ebfe
ebfe
ebfe
ebfe
ebfe
ebfe
ebfe
ebfe
ebfe
0090
0090
0090
0090
0090
0090
0090
0090
0090
0090
0090
0090
0090
f26e
f26e
f26e
f26e
f26e
f26e
f26e
f26e
f26e
f26e
f26e
f26e
ff8b
ff8b
ff8b
ff8b
ff8b
ff8b
ff8b
ff8b
ff8b
ff8b
ff8b
ff8b
ff8b
ff8b
ff8b
ff8b
ff8b
ff8b
ff8b
ff8b
ff8b
ff8b
ff8b
ff8b
ff8b
ff8b
ff8b
ff8b
ff8b
ff8b
ff8b
ff8b
ff8b
ff8b
ff8b
ff8b
ff8b
ff8b
ff8b
ff8b
ff8b
ff8b
ff8b
ff8b
ff8b
ff8b
ff8b
ff8b
ff8b
ff8b
ff8b
ff8b
ff8b
ff8b
ff8b
ff8b
ff8b
ff8b
fa81
fa81
fa81
fa81
fa81
fa81
002a
002a
002a
002a
002a
002a
002a
002a
002a
002a
002a
002a
002a
002a
002a
002a
002a
002a
002a
002a
002a
002a
002a
002a
002a
002a
6593
6593
6593
6593
6593
6593
6593
6593
aac7
aac7
aac7
aac7
aac7
aac7
aac7
aac7
aac7
aac7
aac7
aac7
aac7
aac7
aac7
aac7
aac7
aac7
aac7
aac7
aac7
aac7
1814
1814
0000
0000
0000
0000
0000
0000
0000
0000
3787
3787
3787
3787
17cf
17cf
17cf
17cf
17cf
17cf
17cf
17cf
17cf
17cf
17cf
0627
0627
0627
0627
0627
0627
0627
0627
1c41
1c41
1c41
1c41
1c41
0000
0000
0000
0000
0000
0000
0000
0000
0000
0000
0000
0000
0000
0000
0000
0000
0000
0000
0000
0000
0000
0000
0000
0000
0000
0000
0000
0a86
0a86
0a86
0a86
0a86
0a86
0a86
0a86
0000
0000
0000
0000
0000
0000
0000
0000
0000
0000
0000
0000
0000
0000
0000
0000
fe19
fe19
fe19
fe19
fe19
fe19
fe19
fe19
fe19
fe19
fe19
fe19
fe19
fe19
fe19
fe19
fe19
fe19
fe19
fe19
fe19
fe19
fe19
fe19
fe19
fe19
fe19
fe19
fe19
fe19
fe19
fe19
fe19
fe19
fe19
fe19
fe19
fe19
fe19
fe19
fe19
fe19
fe19
fe19
fe19
fe19
fe19
fe19
fe19
fe19
fe19
fe19
fe19
fe19
fe19
fe19
fe19
fe19
08b8
08b8
08b8
08b8
08b8
08b8
08b8
08b8
08b8
08b8
08b8
0935
0935
0935
0935
0935
0935
0935
0935
0935
0935
46bb
46bb
46bb
46bb
46bb
46bb
46bb
0053
ffff
ffff
ffff
ffff
ffff
ffff
ffff
ffff
ffff
ffff
cc40
cc40
cc40
cc40
cc40
cc40
cc40
cc40
cc40
cc40
cc40
cc40
cc40
cc40
cc40
cc40
cc40
cc40
cc40
cc40
cc40
cc40
cc40
cc40
cc40
cc40
cc40
cc40
bfea
bfea
bfea
bfea
bfea
bfea
bfea
bfea
bfea
bfea
bfea
bfea
bfea
bfea
bfea
bfea
bfea
bfea
bfea
bfea
bfea
bfea
bfea
bfea
bfea
bfea
902b
902b
902b
902b
902b
902b
902b
902b
902b
902b
1c62
1c62
1c62
1c62
1c62
1c62
1c62
1c62
1c62
1c62
1c62
1c62
1c62
1c62
1c62
1c62
1c62
1c62
1c62
1c62
1c62
7724
7724
7724
7724
7724
7724
7724
7724
2704
2704
2704
2704
2704
2704
2704
c4fe
c4fe
c4fe
c4fe
c4fe
c4fe
c4fe
c4fe
c4fe
c4fe
c4fe
c4fe
c4fe
c4fe
c4fe
c4fe
c4fe
c4fe
c4fe
c4fe
8204
8204
8204
8204
8204
0000
0000
0000
0000
0000
0000
0000
0000
0000
0000
0000
0000
0000
0000
0000
0000
0000
0000
0000
0000
0000
0000
0000
0000
0000
0000
0000
0000
0000
0000
0000
0000
0000
0000
0000
0000
0000
0000
0000
555f
555f
555f
0000
0000
0000
0000
0000
0000
0000
0000
0000
0000
0000
0000
0000
0000
0000
0000
0000
0000
0000
0000
0000
0000
0000
0000
0000
0000
0000
0000
0000
0000
52fb
52fb
52fb
52fb
52fb
52fb
52fb
52fb
52fb
52fb
52fb
52fb
52fb
52fb
52fb
52fb
52fb
004f
004f
004f
004f
004f
004f
004f
004f
004f
004f
4a90
4a90
4a90
4a90
4a90
0000
0000
0000
0000
0000
0000
0000
0000
0000
0000
0000
0000
0000
0000
0000
0000
0000
0000
0000
0000
0000
0000
0000
0000
0000
0000
0000
0000
0000
0000
0000
0000
0000
0000
0000
0000
0000
0000
0000
0000
0000
0000
0000
0000
0000
0000
0000
0000
0000
0000
0000
0000
0000
0000
0000
0000
0000
0000
0000
0000
0000
0000
0000
0000
0000
0000
0000
0000
0000
0000
0000
0000
3087
3087
3087
3087
3087
3087
3087
3087
3087
3087
3087
3087
3087
3087
3087
3087
3087
3087
3087
3087
3087
3087
3087
3087
3087
3087
3087
3087
3087
3087
3087
3087
0996
0996
0996
0996
0996
0996
0996
0996
0996
0996
0996
0996
0996
0996
0996
0996
0996
0996
0996
0996
0996
0996
0996
0996
0996
0996
0996
0996
0996
0996
0996
0996
0996
0996
0996
0996
0996
0996
0996
00a0
00a0
00a0
00a0
00a0
00a0
00a0
00a0
00a0
00a0
00a0
e7be
e7be
e7be
2280
2280
2280
2280
2280
2280
2280
2280
2280
2280
0139
0139
0139
0139
0139
0139
0139
0139
0139
0139
d579
d579
d579
d579
d579
d579
d579
d579
d579
