0000
0000
0000
0000
0000
0000
0000
0000
0000
0000
0000
0000
0000
0000
cc7a
cc7a
cc7a
cc7a
cc7a
cc7a
cc7a
cc7a
cc7a
cc7a
cc7a
cc7a
cc7a
cc7a
4607
4607
4607
4607
4607
4607
4607
4607
4607
4607
4607
4607
20d8
20d8
20d8
20d8
20d8
20d8
20d8
20d8
5be2
5be2
5be2
5be2
5be2
5be2
5be2
5be2
5be2
5be2
5be2
5be2
1f62
025d
025d
025d
025d
025d
025d
025d
025d
025d
3491
3491
3491
3491
ab57
ab57
ab57
1f1f
1f1f
1f1f
1f1f
1f1f
1f1f
1f1f
1f1f
1f1f
1f1f
1f1f
1f1f
1f1f
1f1f
bfa4
bfa4
bfa4
bfa4
bfa4
bfa4
bfa4
bfa4
bfa4
bfa4
6a79
6a79
6a79
6a79
6a79
6a79
6a79
6a79
6a79
6a79
6a79
6a79
6a79
6a79
6a79
6a79
6a79
6a79
6a79
6a79
43c4
43c4
43c4
43c4
43c4
43c4
43c4
43c4
43c4
43c4
43c4
43c4
43c4
43c4
43c4
43c4
43c4
43c4
001c
001c
001c
001c
001c
001c
001c
6cd1
6cd1
6cd1
6cd1
6cd1
6cd1
6cd1
6cd1
6cd1
6cd1
6cd1
0099
0099
0099
0099
0099
0099
0099
0099
0099
0099
0099
0099
0099
0099
0099
0099
0099
0099
0099
fa14
fa14
fa14
fa14
fa14
fa14
fa14
fa14
fa14
fa14
fa14
fa14
fa14
bf4f
bf4f
bf4f
bf4f
01e4
01e4
01e4
01e4
01e4
01e4
01e4
01e4
01e4
01e4
01e4
01e4
01e4
01e4
01e4
01e4
3529
3529
3529
3529
3529
3529
3529
3529
3529
3529
3529
3529
3529
3529
3529
3529
3529
3529
3529
3529
3529
3529
3529
3529
3529
3529
3529
3529
3529
3529
3529
3529
3529
3529
3529
3529
3529
3529
3529
3529
3529
3529
3529
3529
3529
3529
3529
501e
501e
501e
501e
501e
501e
501e
501e
501e
501e
501e
501e
501e
501e
501e
501e
501e
501e
501e
501e
501e
501e
501e
501e
501e
501e
501e
501e
0014
0014
0014
0014
0014
0014
0014
0014
0014
3c81
3c81
e100
e100
e100
e100
e100
e100
e100
e100
e100
0000
0000
0000
0000
0000
0000
0000
9555
9555
9555
9555
9555
9555
9555
9555
9555
9555
9555
9555
9555
9555
9555
9555
9555
9555
9555
9555
9555
9555
9555
9555
9555
9555
9555
9555
9555
9555
9555
0006
0006
0006
00ab
00ab
00ab
00ab
00ab
00ab
00ab
00ab
00ab
00ab
00ab
00ab
00ab
00ab
00ab
00ab
00ab
00ab
00ab
00ab
00ab
00ab
00ab
00ab
00ab
00ab
00ab
00ab
00ab
00ab
00ab
00ab
00ab
00ab
ffe4
ffe4
ffe4
ffe4
cd81
cd81
cd81
cd81
cd81
cd81
cd81
cd81
cd81
cd81
cd81
cd81
cd81
cd81
2711
2711
2711
2711
2711
2711
2711
731d
731d
731d
731d
731d
731d
731d
731d
731d
731d
731d
731d
731d
731d
731d
731d
731d
731d
731d
731d
731d
731d
2cf3
2cf3
2cf3
2cf3
0166
0166
0166
0166
0166
0166
0166
0166
0166
0166
0166
0166
0166
0166
0166
0166
0166
0166
0166
0166
0166
0166
0166
0166
0166
0166
0166
0166
0166
0166
0166
0166
0166
0166
aa11
aa11
aa11
aa11
aa11
aa11
0000
0000
0000
0000
0000
0000
0000
0000
0000
0000
0000
0000
0000
0000
0000
0000
0000
0000
0000
1c4d
2710
2710
2710
2710
2710
2710
2710
2710
2710
2710
2710
2710
2710
2710
2710
2710
2599
2599
2599
2599
2599
2599
2599
2599
ded2
ded2
ded2
ded2
ded2
ded2
ded2
ded2
ded2
ded2
ded2
ded2
ded2
ded2
ded2
ded2
ded2
ded2
ded2
00d1
00d1
00d1
00d1
00d1
00d1
00d1
65b8
65b8
65b8
65b8
65b8
65b8
65b8
65b8
65b8
65b8
65b8
65b8
65b8
65b8
65b8
65b8
4efc
4efc
4efc
4efc
4efc
4efc
4efc
4efc
4efc
4efc
4efc
4efc
4efc
4efc
4efc
4efc
4efc
4efc
4efc
4efc
4efc
4efc
4efc
4efc
4efc
4efc
4efc
4efc
4efc
4efc
4efc
4efc
4efc
4efc
4efc
4efc
4efc
4efc
4efc
4efc
4efc
4efc
4efc
4efc
4efc
4efc
0000
0000
0000
0000
0057
0057
0057
0057
0057
0057
0057
0057
0057
001a
001a
001a
001a
9099
9099
9099
9099
9099
9099
9099
9099
9099
9099
9099
9099
9099
9099
9099
9099
9099
9099
9099
9099
9099
9099
9099
9099
9099
9099
9099
9099
9099
9099
9099
9099
9099
ccbb
ccbb
ccbb
ccbb
ccbb
ccbb
ccbb
ccbb
ccbb
ccbb
4710
4710
4710
4710
4710
4710
4710
4710
4710
4710
4710
4710
4710
4710
4710
4710
4710
32c4
32c4
32c4
32c4
32c4
32c4
32c4
32c4
32c4
32c4
32c4
32c4
32c4
32c4
32c4
32c4
4b11
4b11
4b11
4b11
4b11
3610
0000
0000
0000
0000
0000
0000
0000
0000
0000
0000
c056
c056
c056
c056
c056
c056
c056
c056
c056
c056
c056
0d7a
0d7a
0d7a
0d7a
0d7a
0d7a
0d7a
0d7a
0d7a
0d7a
0000
0000
0000
0000
0000
0000
0000
0000
0000
0000
0000
0000
0000
0000
0000
0000
0000
0000
0000
0000
0000
0000
ffd5
ffd5
ffd5
ffd5
ffd5
ffd5
ffd5
ffd5
ffd5
ffd5
ffd5
ffd5
ffd5
ffd5
ffd5
ffd5
ffd5
ffd5
ffd5
ffd5
ffd5
ffd5
ffd5
43f9
43f9
6599
6599
6599
6599
6599
6599
6599
6599
6599
6599
6599
6599
6599
6599
6599
6599
6599
6599
6599
6599
6599
6599
6599
6599
6599
6599
6599
6599
6599
6599
6599
6599
6599
6599
6599
6599
6599
6599
6599
6599
6599
6599
6599
6599
6599
6599
0000
0000
0000
0000
0000
0000
0000
0000
0000
0000
0000
0000
0000
0000
0000
0000
001d
001d
001d
001d
001d
001d
001d
001d
001d
001d
001d
001d
0000
0000
0000
0000
0000
0000
0000
60b1
60b1
60b1
60b1
60b1
60b1
60b1
60b1
60b1
60b1
60b1
60b1
60b1
60b1
60b1
60b1
60b1
60b1
60b1
ffb6
ffb6
ffb6
ffb6
ffb6
ffb6
ffb6
ffb6
ffb6
0000
0000
0000
0000
0000
0000
0000
fd68
fd68
fd68
fd68
fd68
fd68
fd68
0000
0000
01c5
01c5
01c5
01c5
01c5
01c5
01c5
01c5
01c5
01c5
01c5
01c5
01c5
01c5
01c5
01c5
01c5
01c5
01c5
01c5
01c5
01c5
01c5
01c5
01c5
01c5
01c5
01c5
01c5
01c5
01c5
01c5
01c5
1564
1564
1564
1564
1564
1564
1564
1564
1564
1564
1564
1564
1564
1564
1564
1564
1564
1564
1564
1564
1564
1564
1564
1564
1564
0000
0000
0000
0000
0000
0000
0000
0000
0000
0000
0000
0000
0000
0000
0000
0000
0000
2399
6abc
6abc
6abc
6abc
6abc
6abc
6abc
6abc
6abc
6abc
6abc
6abc
6abc
6abc
6abc
6abc
6abc
6abc
6abc
6abc
