0000
0000
0000
0000
0000
0000
0000
0000
0000
0000
1eee
1eee
1eee
1eee
1eee
1eee
1eee
1eee
1eee
1eee
1eee
1eee
1eee
1eee
1eee
1eee
1eee
1eee
1eee
1eee
1eee
1eee
1eee
1eee
1eee
1eee
1eee
1eee
1eee
1eee
1eee
1eee
1eee
1eee
1eee
1eee
1eee
1eee
1eee
1eee
1eee
1eee
1eee
1eee
1eee
1eee
1eee
1eee
1eee
1eee
1eee
1eee
1eee
1eee
1eee
1eee
0485
40f5
40f5
40f5
40f5
40f5
40f5
40f5
40f5
40f5
40f5
40f5
40f5
40f5
40f5
40f5
40f5
40f5
40f5
40f5
40f5
40f5
40f5
40f5
40f5
40f5
40f5
40f5
40f5
40f5
40f5
40f5
40f5
40f5
40f5
40f5
40f5
40f5
40f5
40f5
40f5
40f5
40f5
40f5
40f5
40f5
40f5
40f5
40f5
40f5
40f5
40f5
6d31
6d31
6d31
6d31
6d31
6d31
6d31
6d31
6d31
6d31
6d31
6d31
6d31
6d31
6d31
6d31
6d31
6d31
6d31
6d31
6d31
6d31
6d31
6d31
6d31
6d31
6d31
6d31
6d31
6d31
6d31
6d31
6d31
6d31
6d31
6d31
6d31
6d31
6d31
6d31
6d31
6d31
7f04
7f04
7f04
7f04
7f04
7f04
7f04
7f04
7100
7100
7100
7100
7100
7100
ffea
ffea
ffea
ffea
ffea
ffea
ffea
ffea
ffea
ffea
ffea
ffea
ffea
ffea
ffea
ffea
ffea
ffea
ffea
ffea
ffea
ffea
ffea
ffea
9f69
9f69
9f69
9f69
9f69
9f69
9f69
9f69
9f69
9f69
9f69
9f69
9f69
9f69
9f69
9f69
9f69
9f69
9f69
9f69
9f69
9f69
9f69
9f69
9f69
9f69
9f69
9f69
9f69
9f69
9f69
9f69
9f69
9f69
9f69
9f69
9f69
9f69
9f69
9f69
9f69
9f69
9f69
9f69
9f69
9f69
9f69
9f69
68eb
68eb
68eb
68eb
68eb
68eb
24b7
24b7
24b7
24b7
24b7
24b7
24b7
24b7
24b7
24b7
24b7
24b7
24b7
24b7
24b7
24b7
24b7
24b7
24b7
24b7
24b7
24b7
24b7
24b7
24b7
24b7
0484
0484
0484
0484
0484
0484
0484
0484
0484
0484
0484
0484
0484
0484
0484
0484
0484
0000
0000
0000
0000
0054
0054
0054
0054
0054
0054
0054
0054
0054
0054
0054
0054
0054
0054
0054
0000
0000
0000
0000
0000
0000
0000
0000
fa19
fa19
fa19
fa19
fa19
fa19
fa19
fa19
fa19
fa19
fa19
fa19
fa19
fa19
fa19
fa19
f992
f992
f992
f992
f992
f992
f992
f992
f992
f992
f992
f992
f992
f992
f992
f992
0000
0000
0000
0000
0000
0000
0000
0000
0000
0000
0000
0000
0000
0000
0000
0000
0000
0000
0000
0000
0000
0000
0000
0000
0000
0000
0000
0000
0000
0000
0000
0000
0000
0000
0000
0000
0000
0000
0000
0000
0000
0000
0000
1804
1804
1804
1804
1804
1804
1804
1804
1804
1804
1804
1804
1804
1804
aa73
aa73
aa73
aa73
0000
0000
0000
0000
0000
0000
0000
0000
0000
0000
0000
0000
0000
0000
9136
5fc0
5fc0
5fc0
5fc0
5fc0
5fc0
5fc0
5fc0
5fc0
5fc0
5fc0
5fc0
5fc0
5fc0
5fc0
5fc0
c629
c629
c629
5f8a
1c7e
1c7e
1c7e
1c7e
1c7e
1c7e
1c7e
1c7e
1c7e
1c7e
0000
0000
0000
0000
0000
0000
0000
0000
0000
0000
0000
0000
0000
790c
457c
457c
457c
9bed
9bed
9bed
9bed
9bed
9bed
9bed
9bed
9bed
9bed
9bed
9bed
9bed
9bed
9bed
9bed
9bed
9bed
9bed
df2b
df2b
df2b
df2b
df2b
df2b
df2b
df2b
df2b
df2b
df2b
df2b
df2b
df2b
df2b
df2b
df2b
df2b
df2b
df2b
df2b
df2b
df2b
df2b
df2b
df2b
df2b
df2b
df2b
df2b
df2b
df2b
df2b
df2b
df2b
df2b
df2b
df2b
df2b
df2b
df2b
df2b
df2b
df2b
df2b
df2b
df2b
df2b
ffea
ffea
ffea
ffea
ffea
ffea
ea48
ea48
ea48
ea48
ea48
ea48
ea48
ea48
ea48
ea48
ea48
ea48
ea48
0926
0926
0926
0926
0926
0926
0926
0926
0926
0926
0926
0926
0926
0926
0926
0926
85c7
65fd
65fd
65fd
65fd
65fd
65fd
9281
9281
9281
9281
9281
9281
9d10
9d10
9d10
9d10
9d10
9d10
9d10
9d10
9d10
9d10
9d10
9d10
9d10
9d10
9d10
ecad
ecad
ecad
ecad
ecad
ecad
ecad
ecad
ecad
ecad
ecad
ecad
ecad
ecad
ecad
ecad
ecad
ecad
ecad
ecad
ecad
ecad
ecad
ecad
ecad
ecad
ec9f
ec9f
ec9f
ec9f
ec9f
ec9f
ec9f
ec9f
ec9f
bea5
bea5
bea5
bea5
bea5
bea5
bea5
bea5
bea5
bea5
bea5
bea5
4b68
4b68
4b68
4b68
4b68
4b68
4b68
4b68
4b68
4b68
4b68
4b68
4b68
4b68
4b68
4b68
4b68
4b68
4b68
4b68
4b68
4b68
4b68
4b68
4b68
4b68
4b68
4b68
4b68
4b68
4b68
4b68
4b68
f427
f427
f427
f427
f427
f427
f427
0051
0051
0051
0051
0051
0051
0051
0051
0051
0051
0051
0051
0051
0051
0051
0051
0051
0051
0051
0051
c543
c543
c543
c543
c543
c543
c543
c543
c543
c543
c543
c543
c543
c543
c543
c543
c543
c543
c543
c543
c543
c543
c543
c543
c543
c543
c543
c543
c543
c543
c543
c543
c543
c543
c543
c543
e86d
e86d
e86d
e86d
e86d
e86d
e86d
e86d
e86d
e86d
e86d
0000
0000
0000
0000
0000
0000
6632
6632
6632
6632
6632
6632
6632
8c7c
8c7c
8c7c
8c7c
1081
1081
1081
1081
1081
0000
0000
0000
0000
0000
0000
b355
b355
b355
b355
b355
b355
b355
b355
b355
b355
b355
b355
b355
b355
b355
b355
b355
b355
b355
b355
b355
b355
b355
b355
b355
b355
b355
b355
b355
b355
b355
b355
b355
b355
b355
b355
b355
b355
b355
b355
b355
b355
b355
b355
b355
b355
b355
b355
b355
b355
b355
b355
b355
b355
b355
b2fd
b2fd
b2fd
b2fd
b2fd
b2fd
0000
0000
0000
0000
0000
b494
b494
b494
b494
b494
b494
b494
b494
b494
b494
b494
6e3d
6e3d
6e3d
6e3d
6e3d
6e3d
6e3d
6e3d
6e3d
6e3d
6e3d
6e3d
6e3d
6e3d
7a13
7a13
0000
0000
0000
0000
0000
0000
0000
0000
0000
0000
0000
0000
0000
0000
0000
0000
0000
0000
0000
0000
0000
09bb
09bb
09bb
09bb
d7a9
d7a9
d7a9
d7a9
d7a9
d7a9
d7a9
d7a9
b7f4
b7f4
b7f4
b7f4
b7f4
b7f4
b7f4
b7f4
b7f4
b7f4
b7f4
b7f4
0000
0000
0000
0000
0000
0000
0000
0000
0000
0000
0000
0000
0000
0000
0000
0000
0000
0108
0108
0108
0000
0000
0000
0058
0058
0058
0058
0058
0058
0058
0058
0058
0058
0058
0058
0058
ffeb
ffeb
ffeb
ffeb
ffeb
ffeb
ffeb
ffeb
ffeb
ffeb
ffeb
ffeb
0010
0010
0010
0010
0010
0010
0010
0010
0010
0010
8a64
8a64
8a64
8a64
8a64
8a64
010e
010e
010e
010e
010e
010e
010e
010e
010e
