0000
0000
0000
0000
0000
0000
0000
0000
0000
0000
0000
ab51
ab51
ab51
ab51
ab51
ab51
ab51
ab51
ab51
ab51
ab51
ab51
ab51
ab51
ab51
ab51
ab51
ab51
ab51
ab51
ab51
ab51
ab51
ab51
ab51
ab51
ab51
ab51
ab51
ab51
ab51
ab51
ab51
ab51
ab51
ab51
ab51
ab51
ad9e
ad9e
ad9e
ad9e
ad9e
ad9e
ad9e
f124
f124
f124
f124
f124
f124
430e
430e
430e
430e
430e
430e
430e
430e
430e
430e
430e
430e
430e
430e
430e
430e
430e
430e
430e
430e
430e
430e
430e
430e
430e
430e
430e
430e
5fd6
5fd6
5fd6
5fd6
5fd6
5fd6
5fd6
5fd6
5fd6
1097
1097
1097
1097
1097
1097
1097
1097
1097
1097
3ab8
3ab8
3ab8
107b
107b
107b
107b
107b
43c4
43c4
43c4
43c4
43c4
43c4
43c4
43c4
0101
0101
0101
0101
0101
0101
0101
0101
0101
0101
6d69
6d69
6d69
6d69
6d69
6d69
6d69
6d69
6d69
6d69
6d69
6d69
6d69
6d69
6d69
6d69
6d69
6d69
6d69
6d69
6d69
6d69
6d69
6d69
6d69
6d69
6d69
1eba
1eba
1eba
1eba
1eba
1eba
15f4
15f4
fa04
fa04
fa04
fa04
fa04
60dd
60dd
60dd
60dd
60dd
60dd
60dd
60dd
60dd
60dd
ff70
ff70
ff70
ff70
ff70
ff70
ff70
7b7d
7b7d
7b7d
7b7d
7b7d
7b7d
7b7d
5b09
5b09
5b09
5b09
5b09
5b09
5b09
0001
0001
0001
0001
0001
0001
0001
0001
0001
0001
0001
0001
0001
0001
0001
0001
0001
0001
0001
0001
0001
0001
0001
0001
0001
0001
0001
0001
0001
0001
0001
0001
0001
0001
0001
0001
0001
0001
c43a
c43a
c43a
000c
000c
000c
000c
000c
000c
000c
000c
000c
000c
000c
243f
243f
243f
243f
243f
243f
243f
243f
243f
243f
243f
243f
243f
243f
243f
243f
243f
243f
243f
243f
243f
243f
243f
243f
243f
243f
243f
243f
243f
243f
243f
0000
0000
0000
0000
0000
0000
0000
0000
0000
0000
0000
0000
0000
0000
0000
0000
ff87
ff87
ff87
ff87
ff87
ff87
ff87
ff87
ff87
ff87
ff87
ff87
ff87
567f
567f
567f
567f
567f
567f
567f
567f
567f
567f
567f
9301
9301
9301
9301
9301
9301
9301
9301
9301
9301
9301
9301
9301
9301
9301
9301
9301
9301
9301
9301
7ac4
7ac4
7ac4
7ac4
7ac4
7ac4
7ac4
7ac4
7ac4
7ac4
7ac4
7af4
7af4
7af4
7af4
7af4
7af4
7af4
7af4
7af4
7af4
7af4
7af4
7af4
7af4
7af4
7af4
7af4
7af4
7af4
7af4
7af4
7af4
7af4
7af4
7af4
7af4
7af4
7af4
7af4
7af4
b1ce
b1ce
b1ce
b1ce
b1ce
b1ce
b1ce
b1ce
b1ce
b1ce
b1ce
b1ce
b1ce
b1ce
b1ce
b1ce
b1ce
5e50
5e50
5e50
5e50
5e50
0000
0000
0000
0000
0000
0000
4390
4390
4390
4390
4390
4390
4390
4390
4390
4390
43d6
43d6
43d6
43d6
43d6
43d6
43d6
43d6
43d6
43d6
43d6
43d6
43d6
43d6
43d6
43d6
43d6
43d6
43d6
c650
c650
c650
c650
c650
c650
c650
c650
c650
c650
c650
c650
05a9
05a9
05a9
05a9
05a9
05a9
05a9
05a9
0588
0588
0588
0588
0588
0588
0588
0588
0588
0588
0588
0588
0588
0588
0588
18d1
18d1
18d1
18d1
18d1
18d1
18d1
18d1
18d1
18d1
18d1
18d1
18d1
18d1
18d1
18d1
18d1
18d1
18d1
18d1
18d1
18d1
18d1
18d1
18d1
18d1
18d1
18d1
18d1
9e71
9e71
9e71
9e71
9e71
9e71
9e71
9e71
9e71
9e71
9e71
9e71
9e71
9e71
9e71
9e71
fe53
fe53
fe53
fe53
fe53
fe53
fe53
fe53
fe53
fe53
fe53
fe53
0021
0021
0021
0021
0021
c3b8
7688
7688
7688
0039
0039
0039
0039
0039
0039
0039
0039
0039
0039
0039
0039
0039
0039
0039
0039
0039
0039
0039
0039
0039
0039
b1a4
b1a4
b1a4
b1a4
b1a4
b1a4
b1a4
b1a4
b1a4
b1a4
b1a4
b1a4
4f29
4f29
4f29
4f29
4f29
4f29
4f29
4f29
4f29
4f29
4f29
4f29
4f29
af70
af70
af70
af70
2200
2200
2200
2200
2200
2200
ffb9
ffb9
ffb9
ffb9
ffb9
ffb9
ffb9
ffb9
ffb9
ffb9
ffb9
ffb9
ffb9
ffb9
ffb9
ffb9
ffb9
ffb9
ffb9
ffb9
ffb9
ffb9
ffb9
0a00
0a00
e541
e541
e541
e541
394a
394a
394a
394a
394a
394a
394a
394a
394a
394a
6451
6451
6451
6451
6451
6451
6451
6451
6451
6451
6451
6451
6451
6451
6451
6451
6451
64bb
64bb
64bb
64bb
64bb
64bb
64bb
64bb
64bb
64bb
64bb
f087
f087
f087
f087
f087
f087
f087
f087
f087
f087
f087
f087
f087
f087
f087
f087
f087
f087
f087
f087
f087
f087
f087
f087
f087
f087
f087
6f7e
6f7e
6f7e
6f7e
6f7e
6f7e
308e
308e
308e
308e
308e
308e
308e
308e
308e
308e
3067
3067
3067
3067
3067
3067
3067
3067
3067
3067
3067
0000
0000
0000
0000
0000
0000
0000
0000
0000
0000
85c8
85c8
0000
0000
0000
0000
0000
0000
0000
0000
37d1
37d1
37d1
37d1
37d1
37d1
37d1
37d1
37d1
37d1
37d1
37d1
37d1
1403
1403
1403
1403
1403
1403
1403
1403
1403
1403
1403
1403
1403
1403
1403
1403
1403
1403
1403
1403
1403
1403
1403
1403
1403
1403
1403
1403
1403
1403
1403
1403
1403
1403
1403
1403
1403
1403
1403
1403
1403
1403
1403
1403
1403
1403
1403
67ac
67ac
67ac
67ac
67ac
67ac
67ac
67ac
67ac
67ac
67ac
67ac
67ac
67ac
67ac
67ac
67ac
0000
0000
0000
0000
0000
0000
0000
0000
0000
0000
0000
0000
0000
0000
0000
0000
0000
0000
0000
0000
0000
0000
0000
0000
0000
0000
0000
0000
0000
3079
3079
3079
3079
3079
3079
3079
3079
3079
3079
3079
3079
3079
3079
3079
3079
3079
3079
3079
3079
3079
3079
3079
3079
3079
3079
3079
3079
3079
3079
3079
3079
3079
3079
3079
3079
3079
3079
3039
0000
0000
0000
0000
0000
0000
0000
3087
3087
3087
3087
0000
0000
0000
0000
0000
0000
0000
0000
0000
0000
0000
0000
0000
0000
0000
0000
0000
0000
0000
0000
0000
0000
0000
0000
0000
0000
0000
0000
0000
ce31
ce31
ce31
ce31
ce31
ce31
ce31
ce31
ce31
ce31
ce31
ce31
ce31
ce31
ce31
ce31
ce31
ce31
0000
0000
0000
0000
0000
0000
0000
0000
0000
0000
0000
0000
0000
0000
0000
0000
0000
0000
0000
0000
0000
83e0
83e0
83e0
83e0
1075
1075
1075
1075
1075
1075
1075
1075
1075
1075
1075
1075
1075
1075
1075
1075
1075
1075
1075
1075
1075
1075
1075
1075
1075
1075
