0000
0000
0000
0000
0000
0000
0000
0000
0000
0000
0000
0000
c9d5
c9d5
c9d5
c9d5
c9d5
c9d5
c9d5
c9d5
c9d5
c9d5
c9d5
c9d5
c9d5
10da
10da
10da
10da
10da
10da
10da
10da
10da
10da
52a7
d694
d694
d694
d694
d694
d694
d694
d694
d694
d694
d694
2105
2105
2105
2105
2105
2105
2105
2105
2105
2105
2105
2105
2105
2105
2105
2105
2105
2105
2105
2105
2105
2105
2105
2105
2105
2105
4356
4356
4356
4356
a789
a789
a789
a789
a789
a789
a789
a789
107b
107b
107b
107b
107b
107b
107b
107b
107b
107b
107b
107b
107b
107b
107b
107b
107b
107b
107b
71d3
71d3
71d3
71d3
71d3
71d3
71d3
71d3
6a79
6a79
6a79
6a79
6a79
6a79
6a79
6a79
6a79
6a79
6425
6425
6425
6425
6425
6425
6425
6425
6425
6425
6425
643e
643e
643e
643e
643e
643e
643e
643e
643e
643e
643e
643e
643e
643e
643e
643e
643e
643e
643e
ff8d
ff8d
ff8d
ff8d
ff8d
ff8d
ff8d
ff8d
ff8d
ff8d
ff8d
ff8d
ff8d
ff8d
ff8d
ff8d
ff8d
ff8d
ff8d
ff8d
ff8d
ff8d
ff8d
ff8d
ff8d
ff8d
ff8d
ff8d
ff8d
ff8d
ff8d
ff8d
ff8d
ff8d
ff8d
ff8d
928f
928f
928f
928f
928f
928f
928f
928f
928f
928f
928f
928f
928f
928f
928f
928f
928f
928f
1679
1679
1679
1679
1679
1679
1679
1679
1679
1679
1679
1679
1679
1679
1679
dd03
dd03
dd03
dd03
dd03
dd03
dd03
dd03
dd03
dd03
dd03
dd03
dd03
dd03
dd03
dd03
dd03
dd03
dd03
dd03
dd03
dd03
dd03
dd03
dd03
dd03
dd03
dd03
dd03
dd03
dd03
dd03
0d33
0d33
0d33
0d33
0d33
0d33
0d33
0d33
0d33
0d33
0d33
0d33
0d33
0d33
0d33
0d33
0d33
0d33
0d33
0d33
0d33
0d33
0d33
0d33
0d33
0d33
0d33
0d33
0d33
0d33
0d33
0d33
0d33
0d33
0d33
0d33
0d33
0d33
0d33
0d33
01ef
01ef
01ef
01ef
01ef
01ef
01ef
01ef
01ef
01ef
01ef
01ef
01ef
01ef
01ef
01ef
01ef
01ef
01ef
01ef
01ef
01ef
01ef
f9a4
f9a4
f9a4
f9a4
f9a4
f9a4
f9a4
f9a4
f9a4
f9a4
f9a4
f9a4
f9a4
f9a4
f9a4
501e
501e
501e
501e
501e
501e
501e
501e
6cd5
6cd5
6cd5
6cd5
6cd5
6cd5
6cd5
6cd5
6cd5
6cd5
6cd5
6cd5
6cd5
6cd5
6cd5
6cd5
6cd5
0000
0000
0000
0000
0000
0000
0000
0000
0000
0000
0000
0000
9ec1
9ec1
9ec1
9ec1
9ec1
9ec1
9ec1
9ec1
9ec1
9ec1
9ec1
9ec1
9ec1
9ec1
9ec1
9ec1
7371
7371
7371
7371
7371
7371
7371
7371
7371
7371
7371
7371
7371
7371
7371
7371
7371
7371
7371
7371
7371
7371
7371
7371
7371
7371
7371
7371
7371
7371
7371
7371
7371
7371
7371
7371
95ae
95ae
0000
0000
0000
0000
0000
0000
0000
0000
0000
0000
0000
0000
0000
0000
0000
0000
0000
0000
0000
0000
0000
0000
0000
0000
0000
0000
0000
ffca
ffca
ffca
ffca
ffca
ffca
ffca
ffca
ffca
ffca
ffca
ffca
ffca
ffca
ffca
ffca
00d0
00d0
00d0
0000
0000
0000
0000
0000
0000
0000
0000
0000
189d
189d
189d
189d
189d
189d
189d
afed
0000
0000
0000
0000
0000
0000
3bd5
3bd5
3bd5
3bd5
1249
1249
1249
1249
1249
1249
1249
03c9
03c9
03c9
03c9
03c9
03c9
03c9
03c9
03c9
03c9
03c9
03c9
03c9
03c9
03c9
03c9
03c9
03c9
03c9
03c9
03c9
03c9
03c9
03c9
03c9
03c9
03c9
03c9
03c9
03c9
03c9
03c9
03c9
eb0e
eb0e
eb0e
eb0e
eb0e
eb0e
eb0e
eb0e
eb0e
eb0e
eb0e
eb0e
fe2f
fe2f
fe2f
fe2f
fe2f
fe2f
fe2f
fe2f
fe2f
fe2f
fe2f
fe2f
fe2f
fe2f
fe2f
fe2f
fe2f
fe2f
fe2f
fe2f
fe2f
fe2f
fe2f
fe2f
fe2f
fe2f
fe2f
fe2f
fe2f
fe2f
e47e
e47e
e47e
e47e
e47e
e47e
e47e
e47e
e47e
e47e
e47e
e47e
e47e
e47e
e47e
e47e
e47e
e47e
e47e
e47e
77d8
77d8
77d8
77d8
77d8
77d8
77d8
77d8
77d8
77d8
77d8
77d8
77d8
5028
5028
5028
5028
5028
5028
5028
5028
5028
5028
5028
5028
5028
5028
ecfb
ecfb
ecfb
ecfb
ecfb
ecfb
ecfb
ecfb
ecfb
ecfb
ecfb
ecfb
ecfb
ecfb
ecfb
ecfb
ecfb
ecfb
ecfb
ecfb
ecfb
ecfb
ecfb
ecfb
ecfb
ecfb
ecfb
ecfb
ecfb
ecfb
ecfb
ecfb
ecfb
ecfb
ecfb
ecfb
ecfb
ecfb
ecfb
ecfb
ecfb
ecfb
ecfb
05fa
05fa
05fa
05fa
05fa
05fa
ff8e
ff8e
ff8e
ff8e
ff8e
ff8e
ff8e
ff8e
ff8e
ff8e
ff8e
ff8e
ff8e
4b9c
4b9c
4b9c
4b9c
4b9c
4b9c
4b9c
4b9c
4b9c
4b9c
c004
c004
c004
c004
c004
c004
c004
c004
c004
c004
c004
c004
c004
c004
c004
c004
c004
c004
c004
c004
c004
c004
c004
c004
c004
c004
c004
c004
c004
c004
c004
c004
c004
c004
0000
0000
0000
0000
0000
0000
0000
0000
0000
0000
0000
0000
0000
0000
0000
0000
0000
3db6
3db6
3db6
3db6
3db6
3db6
1457
1457
1457
1457
1457
1457
1457
1457
1457
1457
1457
1457
0000
0000
0000
0000
0000
0000
0000
3414
3414
3414
03d6
03d6
03d6
03d6
03d6
03d6
efd3
efd3
efd3
efd3
efd3
efd3
0010
0010
0010
0010
0010
0010
0010
0010
0010
0010
0010
0010
0010
0010
0010
0010
0010
0010
0010
0010
0010
0010
0010
dd3a
dd3a
dd3a
dd3a
dd3a
dd3a
dd3a
dd3a
dd3a
dd3a
dd3a
dd3a
dd3a
dd3a
dd3a
dd3a
dd3a
dd3a
ffd5
ffd5
ffd5
ffd5
ffd5
ffd5
fa40
fa40
fa40
fa40
fa40
fa40
fa40
fa40
fa40
fa40
fa40
fa40
fa40
1de1
1de1
1de1
1de1
1de1
1de1
1de1
1de1
1de1
1de1
1de1
1de1
1de1
0021
0021
0021
0021
0021
0021
0021
0021
3a61
3a61
3a61
3a61
3a61
3a61
3a61
3a61
3a61
3a61
0000
0000
0000
0000
0000
0000
0000
095a
095a
095a
095a
095a
095a
095a
095a
095a
095a
095a
095a
095a
095a
095a
095a
095a
095a
095a
095a
095a
095a
095a
73c0
73c0
73c0
73c0
73c0
73c0
73c0
73c0
73c0
73c0
73c0
73c0
73c0
73c0
73c0
73c0
0000
0000
0000
0000
0000
0000
0000
0000
0000
0000
0000
0000
0000
0000
0000
0000
0000
0000
0000
0000
0000
0000
0000
0000
e790
e790
e790
e790
e790
e790
e790
e790
e790
e790
e790
e790
e790
e790
e790
e790
e790
e790
e790
e790
e790
e790
e790
e790
e790
5924
5924
5924
5924
1f30
1f30
1f30
1f30
1f30
0000
0000
0000
0000
0000
0000
0000
0000
0000
0000
0000
0000
0000
0000
0000
0000
0000
0000
