0000
0000
0000
0000
0000
0000
0000
0000
0000
0000
0000
0000
0000
5173
5173
5173
5173
5173
5173
5173
5173
5173
5173
5173
5173
5173
5173
5173
5173
5173
5173
5173
5173
5173
5173
5173
5173
5173
4655
4655
4655
4655
4655
4655
4655
4655
047e
047e
047e
047e
047e
047e
047e
047e
047e
047e
047e
047e
047e
047e
047e
047e
047e
047e
047e
047e
047e
047e
145a
145a
106c
106c
106c
106c
106c
106c
106c
106c
106c
106c
106c
106c
106c
a73c
a73c
a73c
a73c
a73c
a73c
a73c
a73c
a73c
a73c
a73c
a73c
a73c
4115
4115
4115
4115
4115
4115
4115
6a4c
6a4c
6a4c
6a4c
6a4c
6a4c
6a4c
6a4c
6a4c
6a4c
6a4c
6a4c
6a4c
6a4c
3d55
3d55
3d55
c599
c599
c599
c599
c599
e0e1
e0e1
e0e1
e0e1
e0e1
e0e1
e0e1
e0e1
e0e1
e0e1
e0e1
e0e1
fe5c
fe5c
fe5c
fe5c
fe5c
fe5c
fe5c
fe5c
4364
4364
7f04
7f04
7f04
7f04
7f04
7f04
7f04
7f04
7f04
7f04
7f04
7f04
7f04
7f04
7f04
7f04
7f04
7f04
000d
000d
000d
000d
000d
0872
0872
0872
0872
0872
0872
0872
0872
0872
0872
0872
0872
3b48
3b48
3b48
3b48
3b48
3b48
3b48
3b48
3b48
3b48
3b48
3b48
3b48
3b48
3b48
3b48
3b48
3b48
3b48
3b48
0188
0188
0188
0188
0188
0188
0188
0188
0188
0188
0188
0188
0188
0188
7e85
7e85
7e85
7e85
7e85
7e85
7e85
7e85
7e85
7e85
7e85
7e85
7e5f
7e5f
7e5f
7e5f
7e5f
2821
2821
2821
2821
2821
2821
2821
2821
2821
2821
2821
2821
2821
2821
2821
2821
2821
2821
282d
282d
c935
c935
c935
c935
c935
c935
c935
c935
c935
c935
c935
c935
c935
c935
da7f
da7f
da7f
da7f
da7f
da7f
ffff
ffff
ffff
ffff
ffff
ffff
ffff
ffff
ffff
ffff
ffff
ffff
ffff
4c96
4c96
4c96
4c96
4c96
4c96
3579
3579
3579
3579
3579
3579
3579
3579
3579
3579
3579
3579
3579
3579
3579
3579
3579
3579
3579
3579
3579
3579
3579
3579
3579
3579
3579
3579
3579
3579
3579
3579
3579
3579
3579
3579
3579
3579
3579
3579
3579
fffa
fffa
fffa
fffa
fffa
fffa
fffa
50e3
50e3
50e3
4000
4000
4000
4000
4000
4000
4000
4000
4000
4000
4000
4000
2090
2090
2090
2090
2090
2090
5d61
5d61
5d61
5d61
5d61
5d61
5d61
5d61
5d61
5d61
5d61
ecd2
ecd2
ecd2
ecd2
ecd2
ecd2
ecd2
ecd2
ecd2
ecd2
b197
b197
b197
b197
b197
b197
b197
b197
b197
b197
b197
cd33
cd33
cd33
cd33
cd33
cd33
cd33
cd33
cd33
c667
c667
c667
c667
c667
c667
c667
c667
c667
c667
c667
c667
c667
c667
c667
c667
c667
c667
c667
c667
c667
c667
c667
c667
c667
c667
c667
c667
c667
c667
c667
c667
c667
c667
c667
c667
c667
c667
c667
c667
c667
c667
c667
c667
c667
c667
c6a3
c6a3
c6a3
c6a3
c6a3
c6a3
c6a3
c6a3
c6a3
c6a3
0000
0000
0000
0000
0000
0000
0000
0000
0000
0000
0000
0000
0000
0000
0000
0000
0000
0000
0000
0000
0000
0000
0000
0000
0000
0000
0000
0000
0000
0000
0000
0000
0000
0000
0000
0000
0000
0000
0000
0000
0000
0000
0000
0000
6410
6410
6410
6410
6410
6410
6410
6410
6410
6410
271c
271c
271c
271c
271c
271c
271c
271c
271c
271c
271c
271c
271c
271c
271c
271c
271c
271c
271c
271c
dec4
dec4
dec4
dec4
dec4
dec4
dec4
dec4
dec4
dec4
a8ca
a8ca
a8ca
a8ca
a8ca
a8ca
a8ca
a8ca
a8ca
a8ca
a8ca
a8ca
a8ca
a8ca
a8ca
a8ca
a8ca
a8ca
1aa9
1aa9
1aa9
1aa9
1aa9
1aa9
1aa9
ffef
ffef
ffef
ffef
ffef
ffef
ffef
ffef
ffef
02d2
02d2
02d2
02d2
02d2
02d2
02d2
02d2
02d2
02d2
02d2
02d2
02d2
02d2
02d2
efff
02e0
02e0
02e0
02e0
ffdf
ffdf
ffdf
ffdf
ffdf
ffdf
ffdf
ffdf
ffdf
ffdf
ffdf
ffdf
ffdf
ffdf
ffdf
ffdf
ccbb
ccbb
ccbb
ccbb
ccbb
ccbb
ccbb
ccbb
ccbb
ccbb
ccbb
ccbb
ccbb
ccbb
ccbb
ccbb
ccbb
ccbb
ccbb
ccbb
ccbb
ccbb
ccbb
ccbb
ccbb
ccbb
ccbb
ccbb
ccbb
ccbb
ccbb
ccbb
ccbb
ccbb
ccbb
ccbb
ccbb
ccbb
ccbb
ccbb
ccbb
ccbb
ccbb
ccbb
ccbb
ccbb
ccbb
ccbb
ccbb
ccbb
ccbb
ccbb
ccbb
c441
c441
c441
c441
c441
c441
c441
c441
c441
c441
c441
c441
c441
c441
c441
c441
c441
c441
c441
c441
c441
c441
c441
c441
c441
c441
c441
c441
c441
c441
c441
c441
c441
c441
c441
c441
c441
fd59
fd59
fd59
fd59
fd59
fd59
fd59
fd59
fd59
fd59
fd59
fd59
fd59
fd59
fd59
fd59
fd59
fd59
fd59
fd59
fd59
fd59
fd59
fd59
fd59
fd59
fd59
fd59
fd59
fd59
fd59
fd59
fd59
fd59
fd59
0062
0000
0000
0000
0000
0000
0000
6863
6863
6863
6863
6863
6863
6863
6863
6863
6863
6863
6863
6863
6863
6863
6863
6863
6863
6863
6863
0041
0041
0041
0041
0041
0041
0041
0041
0041
0041
0041
0041
0041
0041
0041
0041
0041
0041
0041
0041
0041
0041
0041
0041
0041
0041
0041
0041
0041
0041
0041
0041
0041
0015
3a4b
3a4b
3a4b
3a4b
3a4b
3a4b
ffc4
ffc4
ffc4
ffc4
ffc4
ffc4
ffc4
ffc4
ffc4
ffc4
ffc4
ffc4
ffc4
ffc4
ffc4
ffc4
ffc4
1bef
1bef
1bef
1bef
1bef
1bef
1bef
1bef
1bef
1bef
1bef
0024
0024
0024
0024
0024
0024
0024
a975
a975
a975
a975
a975
a975
a975
a975
a975
a975
a975
a975
a975
a975
a975
a975
a975
a975
ffd7
ffd7
ffd7
ffd7
0000
0000
0000
0000
0000
0000
0000
0000
0000
0000
0000
0000
0000
0000
0000
0000
0000
0000
0000
0000
0000
0000
0000
0000
0000
0000
0000
0000
0000
0000
0000
0000
0000
0000
0000
0000
0000
0000
0000
0000
0000
0000
0000
0000
0000
0000
0000
0000
1d91
1d91
1d91
1d91
1d91
1d91
1d91
1d91
004a
004a
004a
004a
004a
004a
004a
004a
004a
004a
004a
004a
004a
004a
004a
004a
004a
004a
004a
004a
004a
004a
004a
004a
004a
004a
004a
004a
004a
004a
004a
0aa1
0aa1
0aa1
0aa1
0aa1
0aa1
0aa1
0aa1
0aa1
0aa1
0aa1
0aa1
ffed
ffed
ffed
ffed
ffed
ffed
ffed
ffed
ffed
ffed
ffed
ffed
ffed
ffed
ffed
ffed
ffed
ffed
ffed
ffed
ffed
ffed
ffed
ffed
10db
10db
0000
0000
0000
0000
0000
0000
0000
0000
0000
2291
2291
2291
2291
2291
