0000
1bb7
1bb7
1bb7
1bb7
1bb7
1bb7
1bb7
1bb7
1bb7
1bb7
1bb7
1bb7
1bb7
1bb7
1bb7
1bb7
1bb7
1bb7
1bb7
1bb7
1bb7
1bb7
1bb7
1bb7
1bb7
1bb7
1bb7
1bb7
1bb7
1bb7
1bb7
5bb3
5bb3
5bb3
5bb3
5bb3
5bb3
5bb3
5bb3
5bb3
5bb3
5bb3
5bb3
5bb3
5bb3
5bb3
5bb3
5bb3
5bb3
5bb3
5bb3
5bb3
5bb3
1ea8
1ea8
1ea8
1ea8
1ea8
1ea8
1ea8
1ea8
1ea8
1ea8
1ea8
1ea8
1ea8
1ea8
1ea8
1ea8
1ea8
1ea8
1ea8
1ea8
1ea8
1ea8
1ea8
1ea8
1ea8
1ea8
1ea8
1ea8
1ea8
1ea8
1ea8
1ea8
1ea8
1ea8
1ea8
1ea8
1ea8
1ea8
1ea8
1ea8
1ea8
1ea8
1ea8
1ea8
1ea8
1ea8
1ea8
1ea8
1ea8
1ea8
1ea8
1ea8
1ea8
1ea8
1ea8
1ea8
1ea8
1ea8
1ea8
1ea8
1ea8
1ea8
1ea8
1ea8
1ea8
1ea8
1ea8
1ea8
1ea8
1ea8
1ea8
1ea8
1ea8
1ea8
1ea8
1ea8
1ea8
1ea8
1ea8
1ea8
1ea8
1ea8
1ea8
1ea8
1ea8
1ea8
1ea8
1ea8
0fbf
0fbf
0fbf
0fbf
0fbf
0fbf
0fbf
0fbf
0fbf
0fbf
0fbf
0fbf
0fbf
0fbf
0fbf
0fbf
0fbf
0fbf
0fbf
0fbf
0fbf
0fbf
0fbf
0fbf
0fbf
0fbf
0fbf
0fbf
0fbf
0fbf
0fbf
0fbf
0fbf
0fbf
0fbf
0fbf
0fbf
0fbf
0fbf
0fbf
0fbf
0fbf
0fbf
0fbf
0fbf
0fbf
0fbf
0fbf
0fbf
0fbf
0fbf
0fbf
0fbf
0fbf
0fbf
0fbf
0fbf
0fbf
0fbf
0fbf
0fbf
0fbf
0fbf
0fbf
0fbf
0fbf
0fbf
0fbf
0fbf
0fbf
3b5b
3b5b
3b5b
3b5b
3b5b
3b5b
3b5b
3b5b
3b5b
3b5b
3b5b
3b5b
3b5b
3b5b
3b5b
3b5b
3b5b
3b5b
3b5b
3b5b
3b5b
3b5b
3b5b
3b5b
3b5b
9f0d
9f0d
9f0d
9f0d
9f0d
9f0d
9f0d
9f0d
9f0d
9f0d
9f0d
9f0d
9f0d
9f0d
9f0d
9f0d
9f0d
9f0d
9f0d
9f0d
9f0d
9f0d
9f0d
9f0d
9f0d
9f0d
9f0d
9f0d
9f0d
9f0d
9f0d
9f0d
9f0d
9f0d
9f0d
9f0d
9f0d
d651
d651
d651
d651
d651
d651
d651
d651
d651
d651
d651
d651
d651
d651
d651
0000
0000
0000
0000
0000
0000
0000
0000
0000
0000
0000
0000
0000
0000
0000
0000
0000
0000
0000
004b
004b
004b
004b
004b
004b
004b
004b
004b
004b
004b
0000
0000
ff8b
ff8b
ff8b
ff8b
ff8b
ff8b
ff8b
ff8b
ff8b
ff8b
ff8b
ff8b
ff8b
3579
3579
3579
3579
3579
3579
3579
3579
3579
3579
3579
3579
3579
3579
3579
3579
3579
0000
0000
0000
0000
0000
0000
0000
0000
0000
0000
0000
0000
0000
0000
ecfe
ecfe
ecfe
ecfe
ecfe
4c04
4c04
4c04
4c04
4c04
4c04
4c04
4c04
4c04
4c04
4c04
4c04
4c04
24f0
24f0
24f0
24f0
24f0
24f0
24f0
24f0
24f0
24f0
24f0
24f0
24f0
24f0
24f0
24f0
24f0
24f0
24f0
24f0
24f0
24f0
24f0
24f0
24f0
24f0
24f0
b1cf
b1cf
0000
0000
0000
0000
0000
0000
0000
0000
0000
0000
0000
0000
0000
0000
0000
0000
0000
0000
0000
0000
0000
0000
0000
0000
ff80
ff80
0000
0000
0000
0000
0000
0000
0000
0000
0000
0000
0000
0000
0000
0000
0000
0000
0000
0000
0000
0000
0000
0000
0000
0000
7965
7965
7965
7965
7965
7965
7965
7965
7965
7965
7965
7965
7965
7965
7965
7965
7965
236a
236a
236a
236a
0323
0323
0323
0323
0323
0a2a
0a2a
0a2a
0a2a
0a2a
c0bc
c0bc
c0bc
c0bc
0a58
0a58
0a58
0a58
0a58
0a58
0a58
0a58
0a58
0a58
0a58
0a58
2db8
2db8
2db8
2db8
2db8
2db8
2db8
2db8
2db8
2db8
2db8
2db8
2db8
2db8
2db8
2db8
2db8
2db8
2db8
2db8
2db8
2db8
2db8
2db8
2db8
2db8
2db8
2db8
2db8
2db8
e1d8
e1d8
e1d8
e1d8
e1d8
e1d8
e1d8
a3b0
a3b0
a3b0
a3b0
a3b0
a3b0
9f9f
9f9f
9f9f
9f9f
9f9f
9f9f
9f9f
e42b
e42b
e42b
e42b
e42b
e42b
e42b
e42b
e42b
e42b
e42b
e42b
e42b
e42b
e42b
e42b
e42b
e42b
e42b
e42b
e42b
e42b
e42b
e42b
e42b
e42b
e42b
e42b
e42b
4eda
4eda
4eda
4eda
4eda
4eda
4eda
4eda
4eda
4eda
4f32
f6a9
f6a9
f6a9
f6a9
f6a9
f6a9
f6a9
3b91
3b91
3b91
3b91
3b91
3b91
3b91
3b91
3b91
3b91
3b91
3b91
3b91
3b91
6c60
6c60
6c60
6c60
6c60
6c60
6c60
6c60
6c60
6c60
6c60
6c60
6c60
6c60
6c60
6c60
765d
765d
765d
765d
765d
765d
765d
765d
765d
765d
765d
765d
765d
765d
765d
765d
765d
765d
765d
765d
765d
765d
765d
cc54
cc54
cc54
cc54
cc54
cc54
cc54
cc54
cc54
cc54
cc54
cc54
cc54
cc54
cc54
cc54
cc54
cc54
cc54
cc54
cc54
cc54
cc54
cc54
cc54
cc54
cc54
cc54
cc54
cc54
cc54
cc54
cc54
cc54
cc54
cc54
cc54
cc54
cc54
cc54
cc54
cc54
cc54
cc54
cc54
cc54
cc54
cc54
cc54
cc54
cc54
cc54
cc54
cc54
cc54
cc54
cc54
cc54
cc54
cc54
cc54
cc54
cc54
2f89
2f89
2f89
2f89
2f89
2f89
2f89
2f89
0000
0000
0000
0000
0000
0000
0000
0000
0000
0000
0000
0000
0000
0000
0000
0000
0000
0000
0000
0000
0000
0000
0000
0000
0000
0000
0000
0000
0000
0000
0000
0000
0000
0000
0000
0000
0000
0000
0000
0000
0000
0000
0000
0000
0000
0000
0000
0000
0000
0000
0000
0000
0000
0000
0000
0000
0000
0000
0000
0000
0000
0000
067c
067c
067c
067c
067c
067c
067c
067c
0190
0190
0190
0190
0190
0190
0190
0190
01d2
01d2
01d2
01d2
01d2
0000
0000
0000
0000
0000
0000
0000
0000
0000
0000
0000
0000
0000
0000
0000
0000
0000
0000
0000
0000
0000
0000
0000
0000
0000
0000
0000
0000
0000
0000
0000
0000
0000
0000
0000
0000
0000
0000
0000
0000
0000
0000
0000
0000
0000
0000
0000
0000
0000
0000
0000
0000
0000
0000
0000
2485
2485
2485
2485
2485
2485
2485
2485
2485
2485
2485
2485
2485
003e
003e
003e
003e
003e
003e
003e
003e
003e
003e
003e
003e
003e
003e
003e
003e
e731
e731
e731
e731
e731
e731
e731
e731
0030
0030
0030
0030
0030
0030
318a
318a
318a
318a
318a
318a
318a
318a
318a
318a
318a
318a
318a
318a
318a
09d3
09d3
09d3
09d3
09d3
09d3
09d3
09d3
09d3
09d3
09d3
09d3
09d3
0000
0000
0000
0000
0000
0000
0000
0000
0000
0000
0000
0000
0000
0000
0000
0000
0000
0000
0000
0000
0000
0000
0000
0000
0000
108a
108a
108a
108a
108a
108a
108a
108a
108a
108a
108a
108a
108a
108a
108a
108a
108a
108a
108a
108a
108a
108a
108a
108a
6e3d
6e3d
6e3d
6e3d
6e3d
6e3d
6e3d
6e3d
6e3d
6e3d
6e3d
6e3d
