0000
0000
0000
0000
0000
0000
0000
0000
0000
0000
0000
0000
0000
0000
0000
fda5
fda5
fda5
fda5
fda5
fda5
fda5
fda5
fda5
fda5
fda5
fda5
fda5
fda5
fda5
fda5
fda5
fda5
0000
0000
0000
0000
0000
0000
0000
0000
0000
02a4
02a4
02a4
02a4
02a4
02a4
02a4
02a4
02a4
02a4
02a4
02a4
02a4
02a4
02a4
02a4
147e
147e
147e
147e
147e
147e
147e
147e
147e
147e
147e
147e
147e
147e
147e
147e
147e
147e
147e
147e
147e
411c
411c
411c
411c
411c
411c
411c
411c
411c
411c
411c
411c
411c
411c
411c
411c
411c
411c
411c
411c
411c
411c
107b
107b
107b
107b
107b
107b
107b
107b
01f9
01f9
01f9
01f9
01f9
01f9
01f9
01f9
01f9
01f9
01f9
ec05
ec05
ec05
ec05
ec05
ec05
ec05
ec05
45ce
3d55
3d55
3d55
3d55
3d55
70a0
70a0
70a0
70a0
70a0
70a0
70a0
70a0
70a0
70a0
70a0
70a0
70a0
70a0
70a0
70a0
70a0
70a0
70a0
70a0
70a0
70a0
70a0
70a0
ae7f
ae7f
ae7f
ae7f
ae7f
ae7f
ae7f
ae7f
ae7f
ae7f
ae7f
ae7f
ae7f
ae7f
9faf
9faf
9faf
9faf
9faf
9faf
9faf
9faf
9faf
9faf
9faf
9faf
9faf
9faf
3183
3183
3183
3183
3183
3183
3183
0000
0000
0000
0000
0000
0000
3b91
3b91
3b91
3b91
3b91
3b91
3b91
3b91
3b91
3b91
3b91
3b91
3b91
3b91
3b91
3b91
3b91
3b91
3b91
3b91
3b91
3b91
3b91
3b91
3b91
3b91
3b91
3b91
3b91
3b91
3b91
3b91
3b91
3b91
3b91
3b91
3b91
3b91
3b91
3b91
3b91
3b91
3b91
3b91
3b91
3b91
3b91
3b91
3b91
3b91
3b91
3b91
3b91
3b91
3b91
0000
0000
0000
0000
0000
0000
9f72
9f72
9f72
9f72
9f72
9f72
9f72
9f72
9f72
9f72
9f72
9f72
9f72
9f72
9f72
9f72
9f72
0e38
0e38
0e38
0e38
0e38
0e38
0001
0001
0001
0001
0001
0001
0001
0001
0001
0001
0001
0001
0001
0001
0001
0001
0001
0001
0001
0001
0001
0001
0001
0001
005b
005b
005b
005b
005b
005b
005b
005b
005b
005b
005b
005b
005b
005b
005b
005b
005b
005b
005b
005b
0b2b
0b2b
0b2b
0b2b
0b2b
0b2b
0b2b
0b2b
fef9
fef9
fef9
fef9
fef9
fef9
fef9
fef9
fef9
fef9
fef9
fef9
fef9
fef9
fef9
fef9
fef9
ecfe
ecfe
ecfe
ecfe
ecfe
ecfe
ecfe
ecfe
ecfe
ecfe
ecfe
ecfe
ecfe
ecfe
ecfe
ecfe
ecfe
ecfe
ecfe
ecfe
ecfe
ecfe
ecfe
ecfe
b197
b197
b197
b197
b197
b197
b197
b197
b197
b197
b197
b197
b197
b197
b197
b197
b197
b197
b197
b197
b197
b197
b197
4b9a
4b9a
4b9a
4b9a
4b9a
4b9a
4b9a
4b9a
4b9a
4b9a
4b9a
4b9a
4b9a
4b9a
4b9a
4b9a
4b9a
4b9a
0025
0025
0025
0025
0025
0025
0025
0025
0025
0025
0025
0025
0025
0025
0025
0025
0025
0025
0025
0025
0025
0025
0025
0025
0025
0025
0025
0025
0025
0025
0025
0025
0025
0025
0025
0025
0025
0025
0025
0025
0025
0025
0025
0000
b3ed
b3ed
b3ed
b3ed
b3ed
b3ed
b3ed
b3ed
b3ed
b3ed
7249
7249
7249
7249
7249
7249
7249
7249
7249
7249
7249
7249
7249
7249
7249
7249
7249
7249
7249
7249
7249
7249
7249
7249
7249
7249
7249
7249
7249
7249
7249
7249
7249
7249
7249
7249
7249
7249
7249
7249
7249
7249
7249
7249
7249
7249
fe5b
fe5b
fe5b
fe5b
fe5b
fe5b
fe5b
fe5b
fe5b
fe5b
fe5b
fe5b
fe5b
fe5b
fe5b
fe5b
fe5b
fe5b
fe5b
fe5b
fe5b
fe5b
fe5b
fe5b
fe5b
fe5b
fe5b
fe5b
fe5b
fe5b
fe5b
fe5b
fe5b
fe5b
fe5b
fe5b
fe5b
fe5b
fe5b
fe5b
fe5b
fe5b
fe5b
fe5b
fe5b
fe5b
fe5b
fe5b
fe5b
fe5b
fe5b
fe5b
fe5b
fe5b
fe5b
fe5b
fe5b
fe5b
fe5b
9568
9568
9568
9568
9568
9568
9568
9568
9568
0198
0198
0198
0198
0198
0198
0198
0198
0198
0198
0198
0198
0198
0198
0198
0198
0198
0198
0198
0198
0198
0198
0198
7679
7679
7679
7679
7679
7679
7679
7679
7679
7679
7679
7679
7679
7679
7679
7679
7679
7679
ec78
ec78
ec78
ec78
ec78
ec78
ec78
ec78
ec78
ec78
ec78
ec78
ec78
ec78
ec78
ec78
ec78
9add
0486
0486
0486
0486
0486
0486
0486
0486
0486
0486
0486
0486
0486
0486
ecba
ecba
ecba
ecba
ecba
ecba
ecba
ecba
ecba
ecba
ecba
ecba
ecba
ecba
ecba
ecba
cc54
cc54
cc54
cc54
cc54
0000
0000
6f7e
6f7e
6f7e
6f7e
6f7e
6f7e
6f7e
6f7e
6f7e
6f7e
6f7e
6f7e
6f7e
6f7e
6f7e
6f7e
6f7e
6f7e
6f7e
6f7e
6f7e
6f7e
7778
7778
7778
7778
0051
0051
0051
0051
0051
0051
0051
0051
0051
0051
0051
0051
0051
0051
0051
0051
5461
5461
5461
5461
5461
5461
5461
5461
5461
5461
5461
5461
5461
5461
5461
5461
5461
5461
5461
5461
5461
5461
5461
5461
5461
5461
5461
5461
5461
5461
5461
5461
5461
5461
5461
5461
5461
5461
5461
5461
0000
0000
0000
0000
0000
0000
0000
0000
0000
0000
0000
0000
0000
fff2
fff2
fff2
fff2
fff2
fff2
fff2
fff2
0000
6599
6599
6599
6599
6599
6599
6599
6599
6599
6599
6599
6599
6599
dd4c
dd4c
dd4c
dd4c
dd4c
dd4c
dd4c
dd4c
dd4c
dd4c
dd4c
dd4c
dd4c
dd4c
f421
f421
f421
f421
f421
f421
0242
0242
0242
0242
0242
0242
0242
0000
0000
0000
0000
0000
0000
9ec8
9ec8
9ec8
9ec8
9ec8
9ec8
9ec8
9ec8
9ec8
9ec8
9ec8
9ec8
9ec8
9ec8
ffa5
ffa5
ffa5
ffa5
ffa5
ffa5
ffa5
ffa5
ffa5
ffa5
ffa5
f9de
f9de
f9de
f9de
f9de
f9de
f9de
f9de
f9de
f9de
f9de
f9de
f9de
f9de
f9de
f9de
f9de
f9de
f9de
f9de
30f0
30f0
30f0
30f0
30f0
30f0
30f0
30f0
30f0
30f0
30f0
30f0
30f0
30f0
30f0
30f0
e164
e164
e164
e164
e164
e164
e164
e164
e164
e164
e164
e164
e164
e164
e164
e164
e164
e164
e164
e164
e164
ffe8
ffe8
ffe8
ffe8
ffe8
1e64
0000
0000
0000
0000
0000
0000
0000
0000
0000
0000
0000
0000
0000
0000
0000
0000
be77
be77
be77
be77
be77
be77
be77
be77
be77
be77
be77
be77
be77
be77
be77
be77
be77
be77
be77
be77
be77
10c6
10c6
10c6
10c6
10c6
10c6
10c6
10c6
10c6
10c6
10c6
10c6
10c6
10c6
10c6
10c6
10c6
10c6
10c6
10c6
10c6
10c6
10c6
10c6
10c6
10c6
10c6
10c6
10c6
10c6
10c6
10c6
10c6
10c6
10c6
10c6
10c6
d579
d579
d579
d579
d579
d579
d579
