0000
0000
cd4c
cd4c
cd4c
cd4c
cd4c
cd4c
cd4c
cd4c
cd4c
cd4c
cd4c
cd4c
cd4c
cd4c
cd4c
cd4c
cd4c
cd4c
cd4c
cd4c
cd4c
cd4c
cd4c
cd4c
cd4c
cd4c
cd4c
46a4
46a4
46a4
46a4
46a4
46a4
46a4
46a4
46a4
46a4
46a4
46a4
c9f2
c9f2
c9f2
c9f2
c9f2
c9f2
c9f2
c9f2
c9f2
c9f2
c9f2
c9f2
c9f2
c9f2
c9f2
c9f2
c9f2
ffdc
ffdc
ffdc
ffdc
ffdc
ffdc
ffdc
ffdc
ffdc
ffdc
ffdc
ffdc
ffdc
ffdc
ffdc
ffdc
ffdc
107b
107b
107b
107b
107b
107b
107b
107b
107b
107b
107b
107b
107b
107b
107b
107b
107b
107b
107b
1e9c
1e9c
1e9c
1e9c
1e9c
1e9c
7d4e
7d4e
7d4e
7d4e
7d4e
7d4e
7d4e
7d4e
7d4e
7d4e
7d4e
7d4e
7d4e
7d4e
7d4e
7d4e
7d4e
7d4e
7d4e
7d4e
7d4e
7d4e
7d4e
7d4e
7d4e
7d4e
7d4e
7d4e
7d4e
7d4e
7d4e
7d4e
7d4e
7d4e
7d4e
7d4e
7d4e
7d4e
7cf6
7cf6
7049
7049
7049
9511
9511
9511
9511
9511
9511
ffbd
ffbd
ffbd
ffbd
ffbd
ffbd
ffbd
2c40
2c40
2c40
2c40
2c40
2c40
2c40
2c40
2c40
2c40
2c40
2c40
2c40
2c40
2c40
2c40
2c40
2c40
2c40
2c40
2c40
2c40
c7a5
c7a5
c7a5
c7a5
c7a5
c7a5
c7a5
c7a5
c7a5
b7d4
b7d4
b7d4
b7d4
b7d4
b7d4
b7d4
b7d4
b7d4
b7d4
b7d4
b7d4
b7d4
b7d4
fb8f
fb8f
fb8f
fb8f
fb8f
fb8f
fb8f
fb8f
fb8f
fb8f
fb8f
fb8f
fb8f
fb8f
29cd
29cd
29cd
29cd
29cd
29cd
29cd
29cd
29cd
29cd
29cd
29cd
29cd
29cd
29cd
29cd
29cd
29cd
29cd
29cd
29cd
29cd
29cd
29cd
29cd
29cd
29cd
29cd
29cd
29cd
29cd
29cd
29cd
29cd
29cd
1370
1370
1370
1370
1370
1370
1370
1370
1370
26a2
26a2
26a2
26a2
26a2
26a2
26a2
26a2
26a2
9f85
9f85
9f85
9f85
9f85
9f85
9f85
9f85
9f85
9f85
0000
0000
0000
0000
0000
0000
0000
0000
0000
0000
0000
0000
0000
0000
0000
0000
0000
0000
0000
0000
0072
0072
0072
0072
0072
0072
0072
0072
0072
0072
0072
0072
0072
0072
0072
0072
15f9
15f9
15f9
15f9
15f9
15f9
ff5c
ff5c
ff5c
ff5c
ff5c
ff5c
ff5c
ff5c
ff5c
ff5c
ff5c
ff5c
ff5c
ff5c
0000
0000
0000
0000
0000
0000
0000
0000
ad80
ad80
ad80
ad80
ad80
ad80
ad80
ad80
ad80
ad80
ad80
ad80
ad80
ad80
ad80
ad80
ad80
ad80
ad80
ad80
ad80
ad80
ad80
ad80
ad80
ad80
ad80
ad80
ad80
ad80
ad80
6690
6690
6690
6690
6690
6690
6690
6690
6690
6690
6690
6690
6690
b12b
b12b
b12b
b12b
b12b
b12b
b12b
b12b
b12b
b12b
b12b
b12b
b12b
b12b
b12b
b12b
b12b
006d
006d
006d
006d
006d
006d
006d
006d
006d
006d
006d
17a7
17a7
17a7
17a7
17a7
17a7
17a7
17a7
17a7
17a7
17a7
d9a2
d9a2
d9a2
d9a2
d9a2
d9a2
d9a2
d9a2
d9a2
d9a2
d9a2
d9a2
d9a2
d9a2
d9a2
d9a2
d9a2
d9a2
d9a2
d9a2
d9a2
d9a2
d9a2
d9a2
d9a2
d9a2
d9a2
d9a2
d9a2
d9a2
0012
0012
0012
0000
0000
0000
0000
0000
0000
0000
0000
0000
0000
0000
0000
0000
0000
0000
0000
0000
0000
0000
0000
7221
7221
7221
7221
7221
7221
7221
7221
df3e
df3e
df3e
df3e
df3e
df3e
df3e
df3e
df3e
df3e
df3e
6e8d
6e8d
6e8d
6e8d
6e8d
6e8d
6e8d
6e8d
6e8d
6e8d
6e8d
6e8d
6e8d
6e8d
6e8d
6e8d
6e8d
6e8d
6e8d
6e8d
6e8d
6e8d
6e8d
6e8d
6e8d
6e8d
6e8d
6e8d
6e8d
6e8d
6e8d
ffaf
ffaf
ffaf
ffaf
ffaf
ffaf
ffaf
ffaf
ffaf
ffaf
ffaf
ffaf
0006
dd1f
dd1f
dd1f
dd1f
dd1f
dd1f
dd1f
dd1f
dd1f
dd1f
dd1f
dd1f
dd1f
dd1f
dd1f
dd1f
dd1f
dd1f
dd1f
dd1f
dd1f
dd1f
dd1f
dd1f
dd1f
dd1f
dd1f
0003
0003
0003
0003
0003
0003
b1a4
b1a4
b1a4
b1a4
b1a4
b1a4
b1a4
b1a4
b1a4
b1a4
8810
8810
8810
8810
8810
8810
bfc8
bfc8
bfc8
bfc8
bfc8
bfc8
bfc8
bfc8
bfc8
bfc8
bfc8
bfc8
bfc8
bfc8
bfc8
bfc8
bfc8
bfc8
bfc8
bfc8
bfc8
bfc8
bfc8
bfc8
bfc8
bfc8
76b6
76b6
76b6
76b6
76b6
76b6
76b6
76b6
76b6
76b6
76b6
76b6
76b6
76b6
76b6
76b6
76b6
76b6
76b6
76b6
76b6
9099
9099
9099
9099
9099
9099
9099
9099
9099
9099
9099
700e
700e
700e
700e
700e
700e
700e
700e
700e
700e
700e
700e
700e
700e
700e
700e
700e
700e
700e
2784
2784
2784
2784
2784
2784
2784
2784
2784
2784
2784
2784
2784
b27c
b27c
b27c
b27c
b27c
b27c
b27c
b27c
b27c
b27c
b27c
c7c4
c7c4
c7c4
c7c4
c7c4
c7c4
c7c4
7db1
7db1
7db1
7db1
7db1
7db1
7db1
7db1
7db1
7db1
7db1
7db1
7db1
7db1
7db1
7db1
7db1
7db1
7db1
7db1
7db1
7db1
7db1
7db1
7db1
7db1
7db1
7db1
7db1
7db1
7db1
7db1
7db1
7db1
7db1
7db1
7db1
7db1
7db1
7db1
7db1
7db1
7db1
7db1
7db1
7db1
7db1
7db1
7db1
5461
5461
5461
5461
5461
5461
5461
5461
5461
5461
5461
5461
5461
5461
5461
bffa
bffa
bffa
bffa
bffa
bffa
c121
c121
c121
c121
c121
c121
c121
c121
c121
c121
c121
c121
c121
c121
c121
c121
c121
c121
c121
c121
c121
c121
c121
c121
c121
c121
c121
c121
c121
c121
c121
c121
c121
c121
c121
c121
c121
c121
c121
9aa1
9aa1
9aa1
9aa1
5810
5810
5810
5810
5810
5810
5810
5810
5810
5810
5810
0000
0000
0000
0000
0000
0000
0000
0000
0000
0000
0000
0000
0000
0000
0000
0000
0000
0000
0000
0000
0000
0000
0000
0000
0000
0000
0000
0000
0000
0000
0000
0000
6119
6119
6119
6119
6119
6119
6119
6119
6119
6119
6119
6119
6119
6119
6119
6119
6119
6119
6119
6119
6119
6119
6119
6119
6119
6119
6119
6119
6119
6119
6119
6119
6119
6119
6119
0000
0000
0000
0000
0000
0000
0000
0000
0000
0000
0000
0000
0000
0000
0000
0000
0000
0000
0000
0000
0000
0000
0000
0000
0000
0000
0000
0000
0000
0000
0000
0000
0000
0000
0000
0000
0000
0000
0000
0000
0000
0000
0000
0000
0000
0000
0000
0000
0000
0000
0000
0000
0000
0000
0000
0000
0000
0000
0000
0000
0000
0000
0000
0000
0000
0000
0000
0000
0000
f595
f595
f595
f595
f595
f595
f595
f595
f595
f595
f595
f595
f595
f595
f595
0119
0119
0119
0119
0119
0119
0119
0119
0119
0119
0119
0119
0119
0119
0119
0119
0119
0119
0119
0119
0119
10a4
10a4
10a4
10a4
10a4
10a4
