0000
0000
0000
5296
5296
5296
5296
5296
5296
5296
5296
5296
5296
5296
5296
5296
5296
5296
5296
5296
5296
5296
5296
5296
5296
5296
5296
5296
5296
5296
5296
5296
5296
5296
5296
5296
5296
5296
5296
5296
5296
5296
5296
5296
5296
5296
5296
5296
5296
5296
5296
5296
5296
5296
5296
5296
5296
04cd
04cd
04cd
04cd
04cd
04cd
c3a7
c3a7
c3a7
c3a7
c3a7
c3a7
c3a7
c3a7
c3a7
c3a7
c3a7
c3a7
c3a7
c3a7
c3a7
c3a7
c3a7
c3a7
c3a7
c3a7
c3a7
c3a7
c3a7
c3a7
c3a7
c3a7
c3a7
c3a7
c3a7
c3a7
c3a7
c3a7
c3a7
c3a7
c3a7
c3a7
c3a7
c3a7
c3a7
c3a7
c3a7
c3a7
c3a7
c3a7
c3a7
c3a7
c3a7
c3a7
c3a7
c3a7
c3a7
c3a7
c3a7
c3a7
c3a7
c3a7
c3a7
c3a7
c3a7
c3a7
c3a7
c3a7
c3a7
c3a7
c3a7
c3a7
43c4
43c4
43c4
43c4
43c4
43c4
43c4
43c4
43c4
43c4
43c4
43c4
43c4
43c4
43c4
43c4
43c4
43c4
43c4
43c4
43c4
43c4
43c4
43c4
43c4
c301
c301
c301
5584
5584
5584
5584
5584
5584
0765
0765
0765
0765
0765
0765
0765
0765
0765
0765
0765
0765
0765
0765
0765
0765
b80a
b80a
b80a
b80a
b80a
b80a
b80a
b80a
b80a
b80a
b80a
b80a
b80a
b80a
b80a
b80a
0f57
0f57
010b
010b
010b
010b
010b
010b
010b
010b
010b
010b
010b
010b
010b
0001
0001
0001
0001
0001
0001
0001
31af
31af
31af
31af
31af
31af
31af
31af
31af
31af
31af
31af
31af
31af
316d
316d
0ddc
0ddc
0ddc
0ddc
0ddc
0ddc
0ddc
0ddc
0ddc
0ddc
0ddc
0ddc
0ddc
0ddc
0ddc
0ddc
0ddc
0ddc
0ddc
0ddc
0ddc
0ddc
0ddc
0ddc
0ddc
0ddc
0ddc
0ddc
0ddc
0ddc
0ddc
0ddc
0ddc
0ddc
0ddc
0ddc
0ddc
0ddc
0ddc
0ddc
0ddc
0ddc
0ddc
0ddc
0ddc
0ddc
0ddc
0ddc
483d
483d
483d
483d
483d
483d
f6d1
f6d1
f6d1
f6d1
f6d1
f6d1
f6d1
f6d1
f6d1
f6d1
f6d1
f6d1
f6d1
f6d1
f6d1
f6d1
f6d1
f6d1
f6d1
f6d1
f6d1
f6d1
f6d1
f6d1
f6d1
f6d1
f6d1
f6d1
22bd
22bd
22bd
22bd
0000
0000
0000
0000
0000
0000
0000
0000
0000
0000
0000
0000
0000
0000
0000
0000
0000
8f80
8f80
8f80
8f80
8f80
8f80
8f80
8f80
8f80
5dc2
5dc2
5dc2
5dc2
5dc2
5dc2
5dc2
5dc2
5dc2
5dc2
5dc2
5dc2
5dc2
5dc2
5dc2
5dc2
5dc2
5dc2
5dc2
5dc2
5dc2
5dc2
5dc2
5dc2
5dc2
5dc2
5dc2
5dc2
5dc2
5dc2
aa98
aa98
aa98
aa98
aa98
aa98
aa98
aa98
aa98
aa98
aa98
aa98
aa98
aa98
aa98
aa98
aa98
aa98
aa98
aa98
aa98
aa98
aa98
aa98
aa98
aa98
aa98
aa98
aa98
aa98
aa98
aa98
aa98
aa98
aa98
aa98
aa98
aa98
aa98
aa98
aa98
aa98
aa98
aa98
aa98
aa98
aa98
aa98
aa98
aa98
aa98
aa98
aa98
aa98
aa98
aa98
aa98
aa98
aa98
88dd
88dd
88dd
33be
33be
33be
33be
33be
33be
33be
33be
33be
33be
33be
33be
33be
33be
33be
33be
1bee
1bee
1bee
1bee
1bee
1bee
d59e
d59e
d59e
d59e
d59e
d59e
d59e
d59e
d59e
d59e
0000
0000
0000
0000
0000
0000
0000
0000
0000
0000
0000
0000
0000
0000
0000
0000
0000
0000
0000
0000
0000
0000
0000
0000
0000
0000
0000
0000
0000
273d
273d
273d
273d
273d
273d
273d
273d
273d
273d
273d
273d
273d
273d
273d
273d
273d
0a03
0a03
0a03
0a03
0a03
0a03
0a03
0a03
0a03
ebc8
ebc8
ebc8
ebc8
ebc8
ebc8
ebc8
ebc8
ebc8
ebc8
ebc8
ebc8
ebc8
ebc8
ebc8
ebc8
ebc8
ebc8
ebc8
ebc8
ebc8
ebc8
ebc8
ebc8
ebc8
ebc8
ebc8
ebc8
ebc8
ebc8
ebc8
ebc8
ebc8
ebc8
ebc8
ebc8
ebc8
ebc8
ebc8
ebc8
ebc8
ebc8
ebc8
ebc8
ebc8
ebc8
ebc8
ebc8
ebc8
ebc8
ebc8
ebc8
ebc8
ebc8
ebc8
ebc8
ebc8
ebc8
ebc8
ebc8
ebc8
ebc8
ebc8
ebc8
ebc8
ebc8
ebc8
ebc8
ebc8
ebc8
ebc8
ebc8
ebc8
ebc8
ebc8
ebc8
ebc8
ebc8
ebc8
ebc8
ebc8
ebc8
ebc8
ebc8
ebc8
ebc8
ebc8
ebc8
ebc8
ebc8
ebc8
ebc8
ebc8
ebc8
ebc8
ebc8
ebc8
ebc8
a2a7
a2a7
a2a7
a2a7
a2a7
a2a7
a2a7
a2a7
a2a7
a2a7
a2a7
a2a7
a2a7
2209
2209
2209
2209
2209
2209
2209
2209
2209
2209
2209
2209
2209
2209
2209
2209
2209
2209
2209
2209
2209
2209
2209
2209
2209
2209
2209
2209
2209
2209
2209
2209
2209
2209
2209
2209
2209
2209
2209
2209
2209
2209
2209
2209
2209
2209
2209
2209
2209
7ed0
7ed0
7ed0
7ed0
7ed0
7ed0
3305
3305
3305
3305
3305
3305
3305
3305
3305
3305
3305
3305
3305
3305
3305
3305
3305
5a19
5a19
5a19
5a19
5a19
f08a
f08a
f08a
f08a
f08a
0051
0051
0051
0051
0051
0051
0051
0051
9bed
9bed
9bed
9bed
9bed
9bed
9bed
9bed
9bed
9bed
9bed
9bed
9bed
9bed
9bed
9bed
c536
c536
c536
c536
c536
c536
c536
c536
c536
c536
c536
c536
c536
c536
0000
0000
0000
0000
0000
0000
0000
0000
0000
0000
0000
0000
0000
0000
0000
0000
0000
0000
0000
0000
0000
0000
0000
0000
0000
0000
0000
0011
0011
0011
0011
0011
0011
0011
0011
0434
65d8
65d8
65d8
65d8
65d8
1081
1081
1081
1081
7809
7809
7809
7809
7809
7809
7809
7809
7809
7809
7809
7809
7809
7809
7809
7809
7809
7809
7809
7809
7809
7809
7809
7809
7809
7809
16f5
16f5
16f5
16f5
16f5
16f5
16f5
16f5
16f5
16f5
16f5
004c
004c
004c
004c
004c
004c
006e
006e
006e
006e
006e
006e
006e
0000
0000
0000
0000
0000
0000
0000
0000
0000
0000
0000
0000
0000
0000
0000
0000
0000
0000
0000
0000
0000
0000
0000
0000
0000
0000
0000
0000
0000
0000
0000
0000
0000
0000
0000
0000
0000
0000
0000
0000
0000
0000
0000
0000
09bb
09bb
09bb
09bb
09bb
09bb
09bb
09bb
09bb
09bb
09bb
09bb
09bb
09bb
09bb
09bb
09bb
09bb
09bb
09bb
09bb
09bb
09bb
09bb
09bb
09bb
09bb
09bb
09bb
1be8
1564
1564
1564
1564
1564
1564
1564
1564
1564
1564
8967
fe17
fe17
fe17
fe17
fe17
fe17
fe17
fe17
fe17
fe17
fe17
fe17
fe17
fe17
fe17
fe17
fe17
fe17
ffe7
ffe7
0000
0000
0000
0000
0000
0000
0000
0000
0000
0000
0000
0000
0000
0000
0000
0000
0000
22bf
22bf
22bf
22bf
22bf
22bf
22bf
22bf
22bf
22bf
22bf
22bf
22bf
22bf
22bf
22bf
22bf
d579
0119
0119
0119
0119
0119
0119
0119
0119
0119
0119
