0000
0000
0000
0000
aae6
aae6
aae6
aae6
aae6
aae6
aae6
aae6
aae6
aae6
aae6
aae6
aae6
aae6
aae6
aae6
aae6
aae6
aae6
aae6
aae6
aae6
aae6
aae6
aae6
1c4a
1c4a
1c4a
1c4a
1c4a
1c4a
1c4a
1c4a
1c4a
1c4a
1c4a
1c4a
1c4a
1c4a
1c4a
1c4a
1c4a
1c4a
1c4a
1c4a
1c4a
1c4a
1c4a
1c4a
1c4a
1c4a
1c4a
008a
008a
008a
008a
008a
008a
008a
008a
3033
3033
3033
3033
3033
5943
5943
5943
5943
5943
5943
5943
5943
5943
5943
5943
5943
d413
d413
d413
d413
6a79
6a79
6a79
6a79
6a79
6a79
6a79
6a79
6a79
6a79
6a79
6a79
6a79
6a79
6a79
6a79
6a79
6a79
6a79
6a79
6a79
6a79
100f
100f
100f
100f
100f
100f
100f
100f
100f
100f
100f
100f
100f
100f
100f
100f
100f
100f
100f
100f
100f
100f
100f
100f
100f
100f
100f
100f
100f
100f
100f
100f
100f
100f
100f
100f
100f
100f
100f
100f
100f
100f
100f
100f
783e
783e
783e
783e
783e
783e
783e
783e
783e
783e
783e
783e
5842
5842
5842
5842
5842
5842
5842
5842
5842
5842
5842
5842
5842
3144
3144
3144
3144
3144
3144
3144
3144
3144
3144
3144
3144
3144
3144
3144
3144
3144
3144
3144
3144
3144
3144
3144
3144
3144
3144
3144
0001
0001
0001
0001
0001
0001
0001
0001
9f67
9f67
9f67
9f67
9f67
9f67
9f67
9f67
9f67
9f67
9f67
9f67
9f67
9f67
9f67
9f67
9f67
9f67
9f67
9f67
9f67
9f67
9f67
9f67
9f67
9f67
9f67
9f67
9f67
9f67
9f67
9f67
9f67
9f67
9f67
9f67
9f67
9f67
9f67
9f67
9f67
9f67
9f67
9f67
9f67
9f67
9f67
9f67
9f67
9f67
9f67
9f67
9f67
9f67
9f67
5078
5078
5078
5078
5078
5078
5049
5049
5049
5049
5049
5049
5049
5049
5049
5049
5049
5049
5049
5049
5049
5049
5049
5049
5049
5049
5049
5049
5049
5049
5049
5049
5049
5049
5049
5049
5049
5049
5049
5049
5049
5049
5049
5049
5049
5049
56e9
56e9
56e9
56e9
56e9
56e9
56e9
56e9
56e9
56e9
56e9
56e9
56e9
56e9
56e9
56e9
56e9
56e9
56e9
56e9
56e9
56e9
56e9
56e9
56e9
56e9
56e9
56e9
56e9
56e9
56e9
56e9
e584
e584
e584
e584
e584
e584
28a3
28a3
28a3
28a3
28a3
28a3
28a3
28a3
28a3
28a3
28a3
28a3
28a3
28a3
28a3
28a3
28a3
aa1c
aa1c
aa1c
aa1c
aa1c
aa1c
aa1c
aa1c
aa1c
aa1c
aa1c
2215
2215
2215
2215
2215
2215
2215
2215
2215
2215
2215
2215
2215
2215
2215
2215
2215
2215
eaeb
eaeb
eaeb
eaeb
eaeb
eaeb
eaeb
eaeb
eaeb
eaeb
17cf
17cf
17cf
17cf
17cf
17cf
17cf
17cf
17cf
17cf
17cf
17cf
17cf
c6c3
c6c3
c6c3
c6c3
3a40
3a40
3a40
3a40
3a40
3a40
3a40
3a40
3a40
3a40
3a40
3a40
4363
4363
4363
4363
4363
4363
4363
b3ed
b3ed
b3ed
b3ed
b3ed
b3ed
b3ed
b3ed
b3ed
b3ed
b3ed
b3ed
b3ed
b3ed
b3ed
b3ed
b3ed
b3ed
b3ed
b3ed
b3ed
b3ed
b3ed
b3ed
b3ed
b3ed
b3ed
b3ed
b3ed
b3ed
b3ed
b3ed
b3ed
b3ed
b3ed
b3ed
b3ed
b3ed
b3ed
b3ed
b3ed
96f1
96f1
96f1
96f1
96f1
96f1
96f1
96f1
96f1
96f1
96f1
96f1
96f1
96f1
96f1
96f1
96f1
96f1
96f1
96f1
96f1
96f1
96f1
96f1
96f1
96f1
96f1
96f1
0003
0003
0003
0003
0003
0003
0003
0003
0003
0003
0003
0003
0003
0003
0003
0003
0003
0003
0003
0003
0003
0003
0003
0003
0003
0003
0033
0033
0033
0033
0033
0033
0033
0033
0033
0033
0033
0033
0033
0033
0033
0033
0033
0033
0033
0033
0033
0033
0033
0033
dd6e
dd6e
dd6e
dd6e
dd6e
dd6e
dd6e
dd6e
dd6e
dd6e
dd6e
dd6e
dd6e
dd6e
dd6e
dd6e
dd6e
dd6e
dd6e
dd6e
dd6e
dd6e
dd6e
185e
185e
185e
185e
185e
185e
185e
7640
7640
7640
7640
7640
7640
7640
7640
7640
7640
7640
7640
7640
7640
7640
7640
7640
7640
7640
7640
7640
7640
7640
7640
7640
7640
7640
0175
0a44
0a44
0a44
0a44
0a44
0a44
0a44
0a44
0a44
0a44
0a44
0a44
0804
0804
0804
0804
0804
0804
0804
0804
0804
0804
0804
0804
0804
0804
0800
0800
0800
0800
0800
271e
271e
271e
271e
271e
271e
271e
271e
271e
271e
271e
271e
271e
271e
271e
271e
271e
271e
271e
271e
271e
271e
271e
271e
271e
271e
271e
271e
271e
271e
271e
271e
271e
271e
271e
271e
271e
271e
271e
271e
271e
271e
271e
26f5
b464
b464
b464
b464
b464
b464
b464
b464
b464
b464
b464
b464
b464
b464
c501
c501
c501
c501
c501
c501
c501
c501
bd5d
bd5d
0010
0010
0010
0010
0010
0010
0000
0000
0000
0000
0000
0000
0000
0000
0000
0031
0031
0031
0031
0031
0031
37c0
37c0
37c0
37c0
37c0
37c0
37c0
37c0
37c0
c1cf
c1cf
c1cf
c1cf
c1cf
c1cf
c1cf
c1cf
003b
003b
003b
003b
003b
003b
003b
003b
003b
003b
003b
003b
003b
003b
236e
236e
236e
236e
236e
236e
236e
236e
0000
0000
0000
0000
0000
0000
0000
0000
1081
1081
1081
1081
1081
1081
1081
1081
1081
1081
1081
1081
1081
1081
1081
1081
1081
1081
1081
1081
1081
1081
1081
002a
002a
0104
0104
0104
0104
0104
0104
0104
0104
0104
0104
0104
0104
0104
0104
0104
0104
0104
0104
0104
0104
0104
0104
0104
0104
0104
0104
0104
0104
0104
0104
0104
0104
0104
0104
0104
0104
0104
0104
0104
0104
0104
0104
0104
ff53
ff53
ff53
ff53
ff53
1de1
1de1
1de1
1de1
1de1
1de1
1de1
1de1
1de1
1de1
1de1
ff87
ff87
ff87
ff87
ff87
0000
0000
0000
0000
0000
0000
0000
0000
0000
0000
e100
e100
e100
e100
e100
e100
e100
e100
e100
e100
e100
e100
e100
e100
e100
09bc
09bc
09bc
09bc
ce76
ce76
ce76
ce76
ce76
ce76
ce76
ce76
ce76
ce76
ce76
ce76
ce76
ce76
ce76
ce76
ce76
ce76
ce76
ce76
ce76
ce76
ce76
ce76
ce76
ce76
ce76
ce76
ce76
ce76
ce76
ce76
ce76
ce76
ce76
ce76
ce76
ce76
ce76
0962
0962
0962
0962
0962
0962
0962
0962
0962
be48
be48
be48
be48
be48
be48
be48
be48
be48
be48
be48
be48
be48
be48
be48
be48
be48
be48
fcb0
fcb0
fcb0
fcb0
fcb0
fcb0
fcb0
fcb0
fcb0
fcb0
fcb0
fcb0
fcb0
fcb0
fcb0
fcb0
fcb0
fcb0
fcb0
fcb0
fcb0
fcb0
fcb0
010e
010e
010e
010e
010e
010e
010e
