0000
0000
0000
0000
0000
a796
a796
a796
a796
a796
a796
a796
a796
a796
a796
a796
a796
a796
ccf6
ccf6
ccf6
ccf6
ccf6
ccf6
ccf6
ccf6
ccf6
ccf6
ccf6
ccf6
ccf6
0c7d
0c7d
0c7d
0c7d
0c7d
0c7d
0c7d
0c7d
0c7d
0c7d
0c7d
0c7d
0c7d
0c7d
0c7d
0c7d
0c7d
0c7d
0c7d
0c7d
0c7d
0c7d
0c7d
0c7d
0c7d
0c7d
0c7d
0c7d
0c7d
0c7d
0c7d
0c7d
0c7d
0c7d
0c7d
0c7d
0c7d
0c7d
0c7d
0c7d
0c7d
0c7d
0c7d
0c7d
0c7d
8882
8882
8882
8882
8882
8882
2977
2977
2977
2977
2977
2977
2977
2977
2977
2977
2977
2977
2977
2977
2977
2977
2977
2977
2977
2977
2977
2977
2977
2977
2977
2977
2977
2977
1f12
1f12
1f12
1f12
ab41
ab41
ab41
ab41
ab41
ab41
ab41
3d55
3d55
3d55
3d55
3d55
3d55
3d55
3d55
3d55
3d55
6400
6400
6400
6400
6400
6400
6400
6400
6400
6400
6400
6400
6400
ffde
ffde
ffde
ffde
ffde
ffde
ffde
ffde
ffde
ffde
ffde
d17f
d17f
d17f
d17f
d17f
d17f
d17f
d17f
d17f
d17f
d17f
d17f
d17f
d17f
d17f
d17f
d17f
d17f
d17f
bd40
bd40
bd40
bd40
bd40
bd40
bd40
bdb1
03c9
03c9
03c9
03c9
03c9
03c9
03c9
03c9
407c
407c
407c
407c
407c
407c
407c
407c
407c
407c
407c
407c
407c
407c
407c
407c
407c
407c
016b
016b
016b
016b
016b
016b
016b
016b
016b
016b
016b
016b
016b
016b
016b
016b
016b
016b
016b
016b
016b
72cd
72cd
72cd
72cd
72cd
72cd
72cd
0000
0000
0000
0000
0000
0000
0000
0000
0000
9ec8
9ec8
9ec8
9ec8
9ec8
9ec8
9ec8
9ec8
9ec8
9ec8
9ec8
9ec8
9ec8
9ec8
9ec8
9ec8
9ec8
9ec8
c95d
c95d
c95d
c95d
c95d
c95d
c95d
5f49
5f49
5f49
5f49
5f49
5f49
5f49
5f49
5f49
5f49
5f49
5f49
1641
1641
1641
1641
1641
1641
1641
1641
1641
1641
1641
1641
1641
1641
1641
1641
1641
1641
3579
3579
3579
3579
3579
3579
3579
3579
3579
3579
3579
3579
3579
3579
3579
3579
3579
3579
3579
3579
3579
3579
3579
3579
8d1b
bf25
bf25
bf25
bf25
bf25
bf25
bf25
bf25
bf25
bf25
bf25
01a5
01a5
01a5
01a5
01a5
01a5
01a5
01a5
01a5
01a5
01a5
01a5
01a5
01a5
01a5
01a5
01a5
01a5
01a5
01a5
01a5
01a5
3adf
3adf
3adf
3adf
3adf
3adf
3adf
3adf
3adf
3adf
3adf
3adf
0169
0169
0169
0169
0169
0169
0169
0169
0169
0169
0169
0169
0169
0169
0169
0169
0169
0169
0169
0001
0001
0001
0001
0001
0001
734a
734a
734a
734a
734a
734a
734a
734a
734a
734a
1711
9569
9569
5e89
5e89
5e89
5e89
5e89
5e89
5e89
5e89
1847
1847
1847
1847
1847
1847
1847
1847
1847
1847
1847
1847
1847
1847
1847
8881
8881
8881
8881
8881
8881
8881
0000
0000
0000
0000
0000
d9a7
d9a7
d9a7
d9a7
d9a7
d9a7
d9a7
d9a7
d9a7
d9a7
d9a7
d9a7
d9a7
d9a7
d9a7
d9a7
d9a7
d9a7
d9a7
d9a7
24ac
24ac
24ac
24ac
24ac
0000
0000
0000
0000
0000
0000
0000
0000
0000
0000
0000
0000
0000
0000
0000
0000
0000
0000
0000
0000
0000
0000
0000
0000
0000
0000
0000
0000
0000
0000
0000
0000
0000
d67c
d67c
d67c
d67c
d67c
0b14
0b14
0b14
0b14
0b14
0b14
8100
8100
8100
8100
8100
8100
8100
8098
8098
8098
8098
8098
8098
8098
8098
8098
8098
8098
8098
8098
8098
8608
8608
8608
8608
8608
8608
8608
8608
8608
8608
8608
8608
8608
8608
8608
8608
8608
8608
8608
8608
8608
1b24
1b24
1b24
1b24
1b24
1b24
1b24
1b24
1b24
1b24
1b24
1b24
1b24
1b24
1b24
1b24
1b24
1b24
1b24
1b24
1b24
1b24
1b24
1b24
1b24
1b24
1b24
1b24
1b24
1b24
1b24
1b24
1b24
1b24
1b24
1b24
1b24
1b24
1b24
1b24
1b24
1b24
c6c0
c6c0
c6c0
c6c0
c6c0
c6c0
c6c0
c6c0
c6c0
c6c0
c6c0
c6c0
c6c0
c6c0
c6c0
c6c0
c6c0
c6c0
c6c0
c6c0
c6c0
c6c0
c6c0
c6c0
c6c0
c6c0
c6c0
c6c0
c6c0
0804
0804
0804
0804
0804
0804
0804
4ffe
4ffe
4ffe
4ffe
4ffe
4ffe
4ffe
4ffe
e097
e097
e097
e097
e097
e097
e097
e097
e097
e097
e097
5d75
5d75
5d75
002e
002e
002e
002e
002e
002e
002e
002e
0013
0013
0013
0013
0013
0013
0013
ec79
ec79
ec79
ec79
ec79
ec79
ec79
b863
b863
b863
b863
b863
b863
4b3c
4b3c
4b3c
4b3c
4b3c
4b3c
4b3c
4b3c
4b3c
4b3c
4b3c
4b3c
4b3c
4b3c
4b3c
4b3c
4b3c
4b3c
4b3c
4b3c
4b3c
4b3c
4b3c
4b3c
4b3c
4b3c
4b3c
4b3c
4b3c
4b3c
4b3c
4b3c
4b3c
4b3c
4b3c
4b3c
4b3c
35a0
35a0
35a0
35a0
35a0
35a0
35a0
35a0
35a0
35a0
35a0
35a0
35a0
35a0
35a0
35a0
fffc
fffc
fffc
fffc
fffc
fffc
fffc
fffc
c41c
c41c
c41c
c41c
c41c
c41c
c41c
c41c
c41c
0000
0000
0000
03c1
03c1
03c1
03c1
03c1
03c1
03c1
03c1
03c1
03c1
03c1
03c1
03c1
03c1
0000
0000
0000
0000
0000
0000
0000
0000
0000
0000
0000
0000
0000
0000
0000
0000
0000
0000
0000
0000
0000
0000
0000
0000
0000
0000
0000
0000
0000
0000
0000
0000
0000
0000
0000
0000
0000
0000
0000
0000
0000
0000
0000
0000
0000
0000
0000
0000
0000
0000
0000
0000
0000
0000
0000
0000
0000
0000
0000
0000
0000
0000
0000
0000
0000
0000
0000
0000
0000
ac28
ac28
ac28
ac28
ac28
ac28
ac28
ac28
ac28
ac28
ac28
ac28
ac28
ac28
ac28
ac28
ac28
ac28
ac28
ac28
ac28
ac28
ac28
ac28
3529
3529
3529
3529
3529
3529
3529
0034
0034
0034
0034
0034
0034
0034
0034
0034
0034
0034
0034
0034
0034
0024
0024
0024
0024
0024
0024
0024
0024
0024
0024
0024
0024
0024
fa1f
fa1f
fa1f
0057
0057
0057
0057
0057
0057
0057
0057
0057
0057
0000
0000
0000
0000
0000
0000
0000
da80
da80
da80
da80
da80
da80
7f44
7f44
7f44
7f44
7f44
7f44
0000
0000
0000
0000
1564
1564
1564
1564
1564
1564
0030
0030
0030
0030
0030
0030
0030
22ae
22ae
22ae
22ae
22ae
22ae
22ae
22ae
22ae
22ae
22ae
22ae
22ae
22ae
22ae
22ae
22ae
22ae
22ae
22ae
22ae
22ae
22ae
22ae
22ae
22ae
22ae
22ae
22ae
22ae
22ae
ff76
ff76
ff76
ff76
ff76
ff76
ff76
ff76
ff76
ff76
ff76
ff76
ff76
ff76
ff76
ff76
ff76
ff76
ff76
ff76
ff76
ff76
ff76
c85a
