0000
0000
0000
0000
0000
0000
46a1
46a1
46a1
46a1
46a1
46a1
46a1
46a1
46a1
46a1
46a1
c9cd
c9cd
c9cd
c9cd
c9cd
c9cd
c9cd
c9cd
c9cd
c9cd
ab04
ab04
ab04
ab04
ab04
ab04
ab04
ab04
ab04
ab04
ab04
ab04
ab04
ab04
ab04
ab04
ab04
9839
9839
9839
9839
9839
9839
9839
9839
9839
9839
9839
1f3f
1f3f
1f3f
1f3f
1f3f
1f3f
1f3f
1f3f
1f3f
1f3f
1f3f
1f3f
1f3f
1f3f
f837
f837
f837
f837
f837
f837
6a79
6a79
6a79
6a79
6a79
6a79
6a79
6a79
6a79
6a79
6a79
6a79
6a79
6a79
6a79
6a79
6a79
6a79
6a79
6a79
6a79
6a79
6a79
6a79
6a79
6a79
6a79
107b
107b
107b
107b
107b
107b
0ce2
0ce2
0ce2
fe19
fe19
fe19
fe19
fe19
fe19
fe19
fe19
fe19
fe19
fe19
fe19
fe19
fe19
fe19
fe19
feb9
ffa9
ffa9
ffa9
ffa9
ffa9
ffa9
ffa9
ffa9
ffa9
ffa9
ffa9
ffa9
ffa9
ffa9
ffa9
ffa9
0400
0400
0400
0400
0400
e1ac
e1ac
e1ac
e1ac
e1ac
e1ac
e1ac
e1ac
e1ac
e1ac
e1ac
e1ac
e1ac
e1ac
e1ac
e1ac
e1ac
e1ac
e1ac
e1ac
e1ac
e1ac
e1ac
e1ac
72c4
72c4
72c4
72c4
72c4
72c4
72c4
72c4
72c4
72c4
9f47
9f47
9f47
9f47
9f47
9f47
9f47
9f47
9f47
9f47
9f47
9f47
9f47
9f47
9f47
9f47
9f47
9f47
9f47
9f47
9f47
9f47
9f47
9f47
fb75
fb75
fb75
98d8
98d8
98d8
98d8
98d8
98d8
98d8
98d8
98d8
0001
0001
0001
0001
0001
0001
0001
0001
f935
f935
f935
f935
f935
f935
f935
f935
f935
f935
f935
f935
f935
f935
7789
7789
7789
7789
7789
7789
7789
7789
7789
7789
7789
7789
7789
7789
7789
7789
7789
7789
7789
7789
3bc5
3bc5
3bc5
3bc5
3bc5
3bc5
3bc5
3bc5
7852
7852
7852
7852
7852
7852
7852
7852
7852
7852
7852
7852
7852
7852
0000
0000
0000
0000
0000
0000
0000
0000
0000
0000
0000
0000
0000
0000
0000
0000
0000
0000
0000
0000
0000
0000
0000
0000
0000
0000
0000
0000
0000
0000
0000
0000
0000
0000
0000
0000
0000
0000
0000
0000
0000
0000
0000
5331
5331
5331
1d39
1d39
1d39
1d39
1d39
1d39
1d39
1d39
1d39
1d39
1d39
1d39
1d39
1d39
1d39
1d39
1d39
1d39
1d39
6749
6749
6749
06e4
06e4
06e4
06e4
06e4
06e4
ea76
ea76
ea76
ea76
ea76
ea76
ea76
ea76
ea76
ea76
ea76
220f
220f
220f
220f
220f
220f
220f
220f
220f
220f
220f
f422
f422
f422
f422
f422
f422
b185
b185
b185
b185
b185
b185
b185
b185
b185
b185
b185
b185
b185
b185
b185
b1ed
b1ed
b1ed
b1ed
b1ed
b1ed
b1ed
b1ed
b1ed
b1ed
b1ed
b1ed
b1ed
b1ed
b1ed
0000
0000
0000
0000
0000
0000
0000
0000
0000
0000
0000
0000
0000
0000
0000
0000
0000
0000
0000
0000
0000
0000
0000
0000
0000
0000
0004
0004
0004
0004
0004
0004
0004
0004
0004
0004
0000
0000
0000
0000
0000
0000
0000
0000
0000
0000
0000
f793
f793
f793
f793
f793
f793
f793
f793
f793
f793
f793
f793
f793
f793
f793
f793
f793
f793
f793
f793
3305
3305
3305
3305
3305
3305
3305
3305
3305
3305
3305
3305
3305
3305
3305
3305
3305
3305
3305
3305
3305
3305
3305
3305
3305
3305
3305
3305
3305
3305
3305
3305
3305
3305
3305
3305
6ea6
6ea6
6ea6
6ea6
6ea6
6ea6
6ea6
6ea6
6ea6
6ea6
6ea6
8abb
8abb
8abb
8abb
8abb
8abb
8abb
8abb
8abb
2d58
2d58
2d58
2d58
2d58
2d58
2d58
0026
0026
0026
0026
0026
0026
0026
0026
fec4
fec4
fec4
fec4
fec4
fec4
fec4
fec4
fec4
fec4
fec4
fec4
ec2a
ec2a
ec2a
ec2a
ec2a
ec2a
ec2a
0002
0002
0002
0002
0002
0002
0002
0002
0002
0002
0002
0002
0002
0002
0002
0002
0002
0002
0002
0002
0002
0002
0002
0002
0002
0002
0002
0002
0002
0002
0002
0002
0002
0002
0002
0002
0002
0002
0002
0002
0002
0002
0002
0002
0002
0002
0002
0002
0002
0002
0002
0002
0002
0002
0002
0002
0002
0002
0002
0002
0002
0002
0002
0002
0002
0002
0002
0002
0002
90d0
90d0
90d0
90d0
90d0
90d0
90d0
90d0
b610
b610
b610
b610
b610
b610
b610
b610
ecf3
ecf3
ecf3
ecf3
ecf3
ecf3
ecf3
ecf3
ecf3
ecf3
ecf3
ecf3
ecf3
ecf3
ecf3
ecf3
244e
244e
244e
244e
244e
244e
244e
244e
244e
244e
244e
244e
244e
244e
244e
244e
244e
244e
f6fb
f6fb
f6fb
f6fb
f6fb
f6fb
f6fb
f6fb
f6fb
f6fb
f6fb
f6fb
f6fb
f6fb
f6fb
f6fb
f6fb
f6fb
f6fb
f6fb
f6fb
f6fb
f6fb
f6fb
f6fb
f6fb
5a19
0ffe
0ffe
0ffe
0ffe
0ffe
0ffe
0ffe
0ffe
0ffe
0ffe
0ffe
f5a4
f5a4
f5a4
f5a4
f5a4
f5a4
f5a4
f5a4
f5a4
f5a4
f5a4
f5a4
f5a4
f5a4
f5a4
f5a4
5474
5474
5474
5474
5474
5474
fe80
fe80
fe80
fe80
fe80
fe80
fe80
fe80
fe80
fe80
0000
0000
0000
0000
0000
0000
0000
0000
0000
0000
0000
0000
0000
0000
0000
0000
0000
0000
0000
0000
0000
0000
0000
0000
0000
0000
0000
1804
1804
1804
1804
1804
1804
1804
1804
1804
1804
1804
1804
1804
1804
1804
1804
1804
1804
1804
1804
1804
1804
1804
1804
1804
1804
0000
0000
0000
0000
0000
0000
0000
0000
0000
0000
0000
0000
fa39
fa39
fa39
fa39
fa39
fa39
fa39
fa39
fa39
fa39
fa39
fa39
fa39
fa39
fa39
fa39
fa39
fa39
fa39
fa39
fa39
fa39
fa39
fa39
fa39
fa39
fa39
fa39
fa39
fa39
fa39
fa39
fa39
fa39
fa39
0000
0000
0000
0000
0000
0000
0000
0000
0000
0000
0000
0000
0000
0000
0000
0000
0000
0000
0000
0000
0000
0000
0000
0000
0000
0000
0b95
1564
1564
1564
1564
1564
1564
1564
1564
a700
0932
0932
73a4
73a4
73a4
73a4
73a4
73a4
73a4
73a4
73a4
73a4
73a4
73a4
73a4
73fd
73fd
73fd
73fd
73fd
73fd
73fd
73fd
73fd
73fd
73fd
73fd
73fd
ce4d
ce4d
ce4d
ce4d
ce4d
ce4d
ce4d
ce4d
ce4d
ce4d
ce4d
efbf
efbf
efbf
efbf
efbf
efbf
efbf
efbf
3081
3081
0000
0000
0000
0000
0984
0984
0984
0984
0984
0984
0984
0984
0984
0984
0984
0984
0984
0984
0984
0984
0984
0984
0984
0609
0609
0609
0609
0609
0609
0609
0609
0609
0609
0609
0115
0115
0115
0115
0115
0111
0350
0350
0350
0350
0350
0350
0350
0350
0350
0350
0350
0350
d581
d581
