0000
0000
0000
0000
0000
0000
0000
430e
430e
430e
430e
430e
430e
430e
430e
430e
430e
430e
430e
430e
430e
430e
e2a8
e2a8
e2a8
ea48
ea48
ea48
ea48
ea48
ea48
ea48
ff1f
ff1f
ff1f
ff1f
02b0
02b0
02b0
02b0
02b0
02b0
02b0
02b0
02b0
02b0
02b0
02b0
02b0
02b0
02b0
02b0
12e0
12e0
12e0
12e0
12e0
12e0
12e0
7b6c
7b6c
7b6c
7b6c
7b6c
7b6c
7b6c
7b6c
7b6c
7b6c
7b6c
7b6c
7b6c
7b6c
7b6c
7b6c
7b6c
7b6c
7b6c
7b6c
7b6c
7b6c
7b6c
7b6c
7b6c
7b6c
7b6c
7b6c
7b6c
7b6c
5eaf
5eaf
5eaf
5eaf
5eaf
5eaf
5eaf
5eaf
6b7d
6b7d
6b7d
6b7d
6b7d
6b7d
6b7d
6b7d
6b7d
6b7d
6b7d
6b7d
6b7d
6b7d
6b7d
6b7d
6b7d
6b7d
6b7d
6b7d
6b7d
6b7d
6b7d
6b7d
6b7d
6b7d
6b7d
6b7d
6b7d
8645
8645
8645
8645
8645
8645
8645
8645
081d
081d
081d
081d
081d
081d
081d
081d
081d
081d
081d
081d
081d
2740
2740
2740
2740
2740
2740
761e
761e
761e
761e
761e
761e
761e
761e
ff85
ff85
ff85
ff85
ff85
ff85
ff85
ff85
ff85
ff85
ff85
ff85
ff85
ff85
ff85
ff85
0fc7
0fc7
0fc7
0fc7
0fc7
0fc7
0fc7
0fc7
0fc7
0fc7
0fc7
0fc7
0fc7
0fc7
0fc7
0fc7
0fc7
a40f
a40f
a40f
a40f
a40f
a40f
a01d
932c
932c
932c
932c
932c
932c
932c
932c
932c
932c
932c
932c
932c
932c
932c
932c
932c
000e
000e
000e
000e
000e
000e
000e
9f67
9f67
9f67
9f67
9f67
9f67
9f67
9f67
9f67
9f67
ffde
ffde
ffde
ffde
ffde
ffde
ffde
ffde
ffde
ffde
ffde
ffde
ffde
ffde
ffde
ffde
ffde
ffde
ffde
ffde
ffde
ffde
ffde
ffde
ffde
ffde
ffde
ffde
ffde
ffde
ffde
ffde
ffde
ffde
ffde
ffde
ffde
ffde
ffde
ffde
ffde
ffde
ffde
ffde
ffde
3829
3829
3829
3829
3829
3829
3829
3829
ff10
ff10
ff10
ff10
ff10
ff10
ff10
ff10
0000
0000
0000
0000
0000
0000
0000
0000
0000
0000
0000
0000
0000
0000
0000
0000
0000
0000
0000
0000
0000
0000
0000
0000
0000
0000
0000
0000
0000
0000
0000
0000
0000
0000
f980
f980
f980
f980
f980
f980
f980
f980
f980
f980
f980
f980
f980
f980
f980
f980
f980
020e
020e
020e
020e
020e
020e
020e
020e
020e
020e
020e
020e
020e
020e
020e
020e
020e
eaa8
eaa8
eaa8
eaa8
eaa8
eaa8
eaa8
eaa8
eaa8
eaa8
eaa8
eaa8
eaa8
eaa8
eaa8
eaa8
eaa8
eaa8
eaa8
eaa8
eaa8
eaa8
eaa8
eaa8
eaa8
eaa8
eaa8
eaa8
eaa8
eaa8
eaa8
eaa8
eaa8
eaa8
eaa8
eaa8
eaa8
0000
0000
0000
0000
0000
0000
0000
0000
0000
0000
0000
0000
0000
0000
0000
0000
0000
0000
0000
0000
0000
0000
1c7e
1c7e
1c7e
1c7e
1c7e
1c7e
1c7e
1c7e
1c7e
1c7e
1c7e
1c7e
1c7e
1c7e
1c7e
1c7e
1c7e
1c7e
1c7e
1c7e
1c7e
1c7e
1c7e
1c7e
1c7e
1c7e
1c7e
1c7e
1c7e
24e1
24e1
24e1
24e1
24e1
24e1
24e1
24e1
24e1
24e1
24e1
24e1
24e1
bd89
bd89
bd89
bd89
0000
0000
0000
0000
0000
0000
0000
ff9c
ff9c
ff9c
ff9c
ff9c
ff9c
ff9c
ff9c
ff9c
ff9c
ff9c
ff9c
ff9c
ff9c
ff9c
ff9c
ff9c
ff9c
ff9c
ff9c
ff9c
ff9c
ff9c
ff9c
fe0d
fe0d
fe0d
fe0d
fe0d
fe0d
fe0d
d573
d573
d573
d573
d573
d573
b482
b482
b482
b482
b482
b482
b482
b482
b482
b482
b482
b482
6f03
6f03
6f03
6f03
6f03
6f03
6f03
6f03
6f03
6f03
9568
9568
9568
9568
9568
9568
9568
9568
9568
9568
9568
9568
9568
9568
9568
9568
42fe
42fe
42fe
42fe
42fe
42fe
42fe
42fe
42fe
42fe
42fe
42fe
42fe
42fe
42fe
42fe
42fe
42fe
42fe
0053
0053
0053
0053
0053
0053
0053
0053
0053
0053
0053
00c7
00c7
00c7
00c7
00c7
00c7
00c7
00c7
00c7
00c7
00c7
00c7
00c7
00c7
085f
085f
085f
085f
085f
085f
085f
085f
085f
085f
085f
085f
085f
085f
bf5f
bf5f
bf5f
bf5f
bf5f
bf5f
bf5f
bf5f
bf5f
bf5f
bf5f
bf5f
bf5f
bf5f
bf5f
bf5f
bf5f
bf5f
bf5f
bf5f
bf5f
bf5f
bf5f
bf5f
bf5f
bf5f
bf5f
bf5f
bf5f
9bed
9bed
9bed
9bed
9bed
9bed
9bed
9bed
9bed
9bed
9bed
9bed
9bed
9bed
9bed
9bed
9bed
9bed
0464
0464
0464
0464
0464
0464
0464
0464
0464
0464
0464
0464
0464
0464
0464
0464
0464
0464
0464
1636
1636
1636
1636
1636
1636
1636
1636
1636
f6f6
f6f6
f6f6
f6f6
f6f6
f6f6
f6f6
f6f6
f6f6
f6f6
f6f6
f6f6
f6f6
f6f6
f6f6
f6f6
161c
161c
161c
161c
161c
161c
1a79
1a79
1a79
1a79
1a79
1a79
1a79
1a79
1a79
1a79
1a79
1a79
1a79
1a79
1a79
f2c6
f2c6
3db6
3db6
3db6
0000
0000
0000
0000
0000
0000
0000
0000
0000
0000
0000
0000
0000
0000
0000
0000
0000
001f
001f
001f
001f
001f
001f
001f
001f
001f
001f
001f
001f
001f
001f
001f
fe7f
fe7f
fe7f
fe7f
fe7f
0000
0000
0000
0000
0000
0000
0000
0000
0000
0000
0000
0000
0000
0000
0000
0000
122f
122f
122f
122f
122f
0000
0000
0000
0000
0000
0000
0000
0000
0000
0000
0000
0000
0000
0000
0000
0000
0000
0000
5a1e
5a1e
5a1e
5a1e
5a1e
5a1e
5a1e
5a1e
5a1e
5a1e
5a1e
5a1e
5a1e
5a1e
5a1e
5a1e
0a6a
0a6a
0a6a
0a6a
0a6a
0a6a
0a6a
0a6a
0a6a
0a6a
0a6a
0a6a
0a6a
0a6a
0a6a
0000
0000
0000
0000
0000
0000
0000
0000
0000
000c
000c
000c
000c
000c
000c
000c
000c
000c
000c
000c
0000
0000
0000
0000
0000
0000
0000
0000
0000
0000
0000
0000
0000
0000
0000
0000
0000
0000
0000
0000
0000
0000
0000
0000
0000
0000
0000
0000
0000
0000
0000
0000
0000
0000
0000
0000
0000
0000
0000
0000
0000
0000
0000
0000
0000
0000
0000
0000
0000
0000
0000
0000
0000
0000
0000
0000
0000
0000
0000
0000
0000
0000
0000
e999
e999
e999
e999
e999
e999
342c
342c
342c
342c
342c
342c
342c
342c
342c
342c
342c
342c
342c
342c
342c
342c
342c
342c
342c
342c
342c
342c
342c
342c
342c
342c
342c
342c
342c
f5f9
f5f9
f5f9
f5f9
f5f9
f5f9
f5f9
f5f9
05bb
05bb
05bb
05bb
05bb
05bb
05bb
05bb
05bb
05bb
05bb
05bb
05bb
05bb
05bb
05bb
05bb
05bb
05bb
6800
6800
6800
6800
0169
0169
0169
0169
0169
0169
0169
0169
5924
5924
5924
5924
5924
5924
5924
5924
5924
5924
