0000
0000
0000
0000
0000
0000
0000
0000
f7e5
f7e5
f7e5
f7e5
f7e5
f7e5
f7e5
f7e5
f7e5
f7e5
f7e5
f7e5
f7e5
f7e5
f7e5
f7e5
f7e5
f7e5
f7e5
f7e5
f7e5
f7e5
f7e5
f7e5
f7e5
f7e5
f7e5
f7e5
f7e5
51d8
51d8
51d8
51d8
51d8
51d8
51d8
1352
1352
1352
1352
1352
1352
1352
1352
1352
1352
1352
1352
1352
f7a3
f7a3
f7a3
f7a3
f7a3
f7a3
f7a3
f7a3
f7a3
f7a3
f7a3
f7a3
f7a3
f7a3
4326
4326
4326
4326
4326
4326
4326
4326
4326
4326
4326
4326
4326
bf49
bf49
bf49
bf49
bf49
bf49
bf49
bf49
bf49
bf49
bf49
bf49
bf49
bf49
ccfb
ccfb
ccfb
ccfb
ccfb
ccfb
ccfb
ccfb
ccfb
ccfb
ccfb
ccfb
ccfb
0a2a
0a2a
0a2a
0a2a
0a2a
0a2a
0a2a
0a2a
fe96
fe96
fe96
fe96
fe96
fe96
fe96
fe96
fe96
fe96
fe96
fe96
fe96
fe96
fe96
fe96
fe96
fe96
fe96
fe96
fe96
fe96
fe96
fe96
fe96
fe96
fe96
fe96
fe96
fe96
fe96
fe96
fe96
fe96
fe96
fe96
fe96
fe96
fe96
fe96
2e82
2e82
2e82
2e82
2e82
2e82
2e82
2e82
2e82
2e82
2e82
2e82
2e82
2e82
2e82
2e82
2e82
2e82
2e82
2e82
2e82
2e82
2e82
2e82
2e82
efa7
efa7
efa7
efa7
efa7
efa7
efa7
efa7
efa7
efa7
efa7
efa7
efa7
3ef1
3ef1
3ef1
3ef1
3ef1
3ef1
1679
1679
1679
1679
1679
1679
1679
1679
1679
1679
1679
167b
167b
167b
f785
f785
f785
f785
f785
f785
9f3c
9f3c
9f3c
02b9
02b9
02b9
02b9
02b9
02b9
02b9
02b9
9faa
9faa
9faa
9faa
9faa
9faa
9faa
9faa
9faa
9faa
9faa
9faa
9faa
9faa
3f63
3f63
3f63
3f63
3f63
3f63
3f63
3f63
3f63
3f63
3f63
3f63
3f63
3f63
3f63
3f63
3f63
3f63
3f63
3f63
3f63
3f63
3f63
3f63
3f63
3f63
3f63
3f63
3f63
3f63
3f63
3f63
3f63
3f63
3f63
3f63
3f63
3f63
3f63
3f63
3f63
3f63
3f63
0000
0000
0000
0000
0000
0000
0000
0000
0000
0000
0000
0000
0000
0000
0000
ffd6
ffd6
ffd6
ffd6
ffd6
ffd6
ffd6
ffd6
ffd6
ffd6
ffd6
ffd6
ffd6
ffd6
ffd6
ffd6
ffd6
ffd6
ffd6
001e
0b2b
0b2b
0b2b
0b2b
0b2b
0b2b
0b2b
e559
e559
e559
e559
e559
e559
e559
e559
e559
e559
e559
e559
e559
e559
e559
e559
e559
e559
e559
e559
6c94
6c94
6c94
6c94
6c94
6610
6610
6610
6610
6610
6610
6610
6610
6610
6610
6610
6610
6610
6610
6610
6610
6610
6610
6610
6610
6610
6610
6610
6610
6610
6610
6610
6610
6610
6610
6610
6610
6610
6610
6610
6610
801c
801c
801c
801c
801c
801c
801c
801c
9c18
9c18
9c18
9c18
9c18
1a16
1a16
1a16
1a16
1a16
1a16
1a16
1a16
1a16
1a16
1a16
1a16
1a16
1a16
0000
0000
0000
0000
0000
0000
0000
0000
0000
0000
0000
0000
aa5c
aa5c
aa5c
aa5c
aa5c
aa5c
aa5c
aa5c
aa5c
aa5c
aa5c
aa5c
33e9
33e9
33e9
33e9
33e9
33e9
33e9
33e9
33e9
33e9
33e9
33e9
33e9
33e9
33e9
33e9
33e9
33e9
33e9
33e9
33e9
33e9
33e9
33e9
33e9
33e9
33e9
33e9
33e9
33e9
33e9
33e9
33e9
33e9
33e9
33e9
33e9
33e9
33e9
33e9
33e9
33e9
33e9
33e9
33e9
33e9
33e9
33e9
33e9
33e9
33e9
33e9
33e9
33e9
96e6
96e6
96e6
96e6
96e6
96e6
96e6
96e6
96e6
9fb9
9fb9
fe9d
fe9d
fe9d
0ab4
0ab4
0ab4
0ab4
0ab4
0ab4
0ab4
0ab4
0ab4
0ab4
0ab4
0ab4
0ab4
a8c3
a8c3
a8c3
a8c3
a8c3
a8c3
a8c3
a8c3
a8c3
a8c3
a8c3
a8c3
a8c3
a8c3
a8c3
a8c3
a8c3
a8c3
a8c3
a8c3
a8c3
a8c3
a8c3
1a54
1a54
1a54
1a54
1a54
1a54
1a15
1a15
1a15
1a15
1a15
1a15
1a15
1a15
1a15
1a15
1a15
1a15
1a15
1a15
1a15
1a15
fe8a
fe8a
fe8a
fe8a
fe8a
fe8a
fe8a
fe8a
fe8a
fe8a
fe8a
fe8a
fe8a
fe8a
fe8a
fe8a
fe8a
fe8a
fe8a
fe8a
fe8a
fe8a
fe8a
4ffc
4ffc
4ffc
4ffc
4ffc
4ffc
4ffc
4ffc
4ffc
4ffc
4ffc
4ffc
4ffc
4ffc
4ffc
4ffc
4ffc
4ffc
4ffc
4ffc
4ffc
4ffc
4ffc
4ffc
4ffc
4ffc
4ffc
4ffc
4ffc
4ffc
4ffc
4ffc
4ffc
4ffc
4ffc
4ffc
4ffc
4ffc
4ffc
4ffc
4ffc
4ffc
4ffc
4ffc
4ffc
4ffc
4ffc
4ffc
4ffc
4ffc
4ffc
4ffc
4ffc
4ffc
4ffc
4ffc
d969
d969
d969
d969
d969
d969
d969
d969
d969
d969
d969
d969
d969
d969
0000
0000
0000
0000
0000
0000
0173
0173
0173
0173
0173
1a40
1a40
1a40
1a40
1a40
1a40
1a40
1a40
1a40
1a40
1a40
1a40
1a40
1a40
1a40
1a40
1a40
1a40
1a40
1a40
1a40
1a40
1a40
1a40
1a40
1a40
1a40
1a40
1a40
1a40
1a40
1a40
1a40
1a40
1a40
1a40
1a40
1a40
1a40
1a40
1a40
1a40
1a40
1a40
1a40
1a40
1a40
1a40
1a40
1a40
1a40
1a40
1a40
1a40
1a40
1a40
1a40
1a40
1a40
1a40
1a40
1a40
1a40
1a40
1a40
1a40
1a40
fe6c
fe6c
fe6c
fe6c
fe6c
fe6c
fe6c
fe6c
fe6c
fe6c
fe6c
fe6c
fe6c
fe6c
fe6c
fe6c
fe6c
fe6c
fe6c
fe6c
fe6c
fe6c
fe6c
fe6c
0401
0401
0401
0401
0401
0401
0401
0401
0401
0401
0401
0401
0401
0401
0401
0401
0401
0401
0401
0401
0401
0401
0401
0401
0401
0401
94f1
94f1
94f1
94f1
94f1
94f1
94f1
94f1
94f1
94f1
94f1
94f1
94f1
d1a0
efba
efba
efba
efba
efba
efba
efba
efba
efba
efba
efba
efba
efba
efba
ff86
ff86
ff86
0000
0000
0000
0000
0000
0000
0000
0000
0000
0000
0000
0000
0000
0000
0000
0000
0000
0000
0000
0000
0000
0000
0000
fffb
fffb
fffb
fffb
fffb
fffb
fffb
fffb
fffb
fffb
fffb
fffb
ffaf
ffaf
ffaf
ffaf
ffaf
0000
0000
0000
0000
0000
0000
0000
0000
0000
0000
0000
0000
0000
0000
0000
0000
0000
0000
0000
0000
0000
0000
0000
0000
0000
0000
0000
0000
0000
0000
0000
0000
0000
0000
0000
0000
0000
0000
0000
0000
0000
0000
0000
0000
0000
0000
0000
0000
0000
0000
0000
0000
0000
0000
0000
0000
0000
0000
0000
0000
0000
0000
0000
0000
0000
0000
0000
0000
0000
0000
0000
0000
0000
0000
0000
0000
0000
0000
0000
0000
0000
0000
0000
0000
0000
0000
0000
0000
0000
0000
0000
0000
0000
0000
0000
0000
0000
0000
0000
0000
0000
0000
0000
0800
0800
0800
0800
0800
0800
0800
0800
0800
0800
0800
0800
ffff
ffff
ffff
ffff
ffff
ffff
ffff
ffff
ffff
ffff
ffff
010e
010e
010e
010e
010e
010e
010e
010e
010e
010e
010e
