0000
0000
0000
0000
0000
0000
0000
0000
0000
bcdc
bcdc
bcdc
bcdc
bcdc
bcdc
bcdc
eaa4
eaa4
eaa4
eaa4
eaa4
eaa4
eaa4
eaa4
eaa4
eaa4
eaa4
eaa4
eaa4
eaa4
eaa4
ecc5
ecc5
ecc5
ecc5
ecc5
ecc5
ecc5
ecc5
1f45
bf29
bf29
bf29
bf29
bf29
bf29
bf29
bf29
bf29
bf29
bf29
bf29
bf29
bf29
bf29
bf29
bf29
bf29
bf29
bf29
bf29
bf29
bf29
bf29
bf29
bf29
bf29
bf29
bf29
bf29
bf29
bf29
bf29
bf29
bf29
bf29
bf29
bf29
bf29
bf29
bf29
bf29
bf29
bf29
bf29
bf29
bf29
bf29
bf29
bf29
bf29
bf29
bf29
bf29
bf29
6d91
6d91
6d91
6d91
6d91
6d91
6d91
6d91
6d91
6d91
6d91
6d91
6d91
6d91
6d91
6d91
6d91
6d91
3c59
3c59
3c59
3c59
3c59
3c59
3c59
3c59
3c59
3c59
3213
3213
3213
3213
3213
3213
3213
3213
3213
3213
3213
3213
09cb
09cb
09cb
09cb
09cb
09cb
09cb
09cb
2ec2
2ec2
2ec2
2ec2
2ec2
2ec2
2ec2
2ec2
2ec2
2ec2
2ec2
2ec2
2ec2
2ec2
2ec2
2ec2
2ec2
2ec2
2ec2
2ec2
2ec2
000d
9fbc
9fbc
9fbc
9fbc
9fbc
9fbc
9fbc
9fbc
9fbc
9fbc
9fbc
9fbc
9fbc
9fbc
9fbc
9fbc
9fbc
9fbc
9fbc
9fbc
9fbc
9fbc
9fbc
9fbc
9fbc
9fbc
9fbc
9fbc
9fbc
9fbc
9fbc
9fbc
9fbc
9fbc
9fbc
9fbc
9fbc
9fbc
9fbc
9fbc
9fbc
9fbc
9fbc
9fbc
9fbc
9fbc
9fbc
9fbc
9fbc
9fbc
9fbc
9fbc
9fbc
9fbc
9fbc
9fbc
9fbc
9fbc
9fbc
9fbc
9fbc
0002
0002
0002
0002
0002
0002
0002
0002
0002
0002
0002
0002
0002
29f3
29f3
29f3
29f3
9ce4
9ce4
9ce4
9ce4
d452
d452
d452
d452
d452
26a9
26a9
26a9
26a9
26a9
26a9
26a9
26a9
26a9
0917
0917
0917
0917
0917
0917
0917
0917
0917
0917
0917
0917
0917
0917
0917
0917
0917
0917
0917
00ae
00ae
00ae
00ae
6410
6410
6410
6410
6410
6410
0000
0000
0000
0000
fb07
fb07
fb07
fb07
fb07
56a1
56a1
56a1
56a1
56a1
56a1
56a1
56a1
56a1
56a1
56a1
56a1
56a1
56a1
56a1
56a1
56a1
56a1
56a1
56a1
56a1
56a1
56a1
56a1
56a1
56a1
56a1
56a1
56a1
0b9c
0b9c
0b9c
0b9c
0b9c
0b9c
0b9c
0b9c
0b9c
0b9c
0b9c
0b9c
0b9c
0b9c
0b9c
0b9c
0b9c
0b9c
0b9c
0b9c
0b9c
0b9c
0b9c
0b9c
0b9c
0b9c
7239
7239
06e4
06e4
06e4
06e4
06e4
06e4
06e4
06e4
06e4
06e4
06e4
06e4
06e4
06e4
06e4
06e4
06e4
06e4
06e4
06e4
06e4
06e4
06e4
06e4
06e4
2668
2668
2668
2668
2668
2668
2668
0000
0000
0000
0000
0000
0000
0000
0000
0000
0000
0000
0000
0000
0000
0000
0000
0000
0000
0000
0000
0000
0000
0000
0000
0000
9569
9569
9569
9569
9569
9569
9569
9569
9569
0000
0000
0000
0000
0000
0000
0000
0000
0000
0000
0000
0000
0000
0000
0000
0000
0000
1c59
1c59
1c59
1c59
1c59
1c59
1c59
1c59
1c59
1c59
1c59
1c59
1c59
1c59
1c59
1c59
1c59
1c59
1c59
1c59
1c59
1c59
1c59
1c59
1c59
1c59
1c59
1c59
1c59
1c59
1c59
1c59
1c59
1c59
1c59
1c59
1c59
1c59
1c59
1c59
1c59
1c59
1c59
1c59
1c59
1c59
1c59
1c59
1c59
1c59
1c59
1c59
1c59
1c59
1c59
ac39
ac39
ac39
ac39
ac39
ac39
ac39
ac39
ac39
ac39
ac86
ac86
ac86
ac86
ac86
ac86
ac86
ac86
ac86
ac86
ac86
ac86
deb5
deb5
deb5
deb5
deb5
deb5
deb7
deb7
deb7
deb7
deb7
deb7
deb7
deb7
deb7
deb7
deb7
deb7
deb7
deb7
fed3
fed3
fed3
fed3
fed3
fed3
fed3
fe8e
fe8e
fe8e
fe8e
fe8e
5c05
5c05
5c05
5c05
5c05
5c05
5c05
5c05
5c05
5c05
e489
e489
e489
e489
e489
e489
e489
e489
e489
e489
4ca1
4ca1
4ca1
4ca1
b459
b459
b459
b459
b459
b459
b459
b459
b459
b459
b459
ddce
ddce
ddce
ddce
ddce
ddce
e470
e470
e470
e470
e470
e470
e470
e470
e470
e470
e470
e470
e470
e470
e470
9cd9
9cd9
9cd9
9cd9
9cd9
9cd9
9cd9
9cd9
9cd9
9cd9
ffab
ffab
ffab
efed
6ce9
6ce9
6ce9
6ce9
6ce9
6ce9
6ce9
6ce9
6ce9
c9e9
c9e9
c9e9
1050
1050
1050
1050
1050
c8f1
c8f1
0a44
0a44
0a44
0a44
0a44
0a44
0a44
0a44
0a44
0a44
0a3c
0a3c
0a3c
0a3c
0a3c
0a3c
0a3c
0a3c
b61f
b61f
b61f
b61f
b61f
b61f
b61f
b61f
c829
c829
c829
c829
c829
c829
c829
c829
c829
c829
c829
c829
c829
c829
c4b4
c4b4
c4b4
c4b4
c4b4
c4b4
c4b4
c4b4
c4b4
c4b4
ce88
ce88
ce88
ce88
ce88
ce88
ce88
ce88
ce88
ce88
ce88
ce88
ce88
ce88
ce88
6bd4
6bd4
6bd4
6bd4
6bd4
6bd4
6bd4
6bd4
0000
0000
0000
0000
0000
0000
0000
0000
0000
0000
0000
0000
0000
0000
0000
0000
0000
007d
007d
007d
007d
007d
007d
007d
fcef
fcef
fcef
fcef
fcef
fcef
fcef
fcef
fcef
fcef
fcef
fcef
fcef
fcef
fcef
fcef
febf
febf
febf
19f6
19f6
19f6
19f6
19f6
19f6
19f6
443b
443b
443b
443b
443b
443b
443b
443b
443b
443b
443b
443b
443b
443b
443b
443b
443b
443b
443b
443b
443b
443b
443b
443b
443b
443b
0000
0801
0801
0801
0801
0801
0801
0801
0801
b37a
b37a
11bb
11bb
11bb
11bb
11bb
11bb
0290
0290
0290
0290
0290
0290
0290
0290
0290
0290
0000
0000
0000
0000
0000
0000
0000
0000
0000
0000
0000
0000
0000
0000
0000
0000
0000
0000
0000
0000
0000
0000
0000
0000
0000
0000
0000
0000
0000
0000
0000
0000
0000
0000
0000
0000
0000
0000
0000
0000
0000
0000
0000
0000
0000
0000
0000
0000
0000
0000
0000
0000
0000
0000
0000
0000
0000
0000
0000
0000
0000
0000
0000
0000
0b98
0b98
0b98
0b98
0b98
0000
0000
0000
0000
0000
0000
0000
0000
0000
0000
0000
0000
0000
e400
e400
e400
e400
e400
e400
e400
e400
e400
e400
e400
7392
7392
7392
7392
7392
7392
7392
7392
7392
7392
7392
7392
7392
7392
7392
7392
7392
7392
7392
7392
7392
7392
7392
7392
7392
7392
7392
1564
1564
1564
1564
0000
0000
0000
0000
0000
0000
0000
0000
0000
0000
0000
0000
0000
0000
0000
0000
0000
0000
0000
db51
db51
db51
db51
db51
0000
0000
0000
0000
0000
0000
be76
be76
be76
be76
be76
be76
be76
be76
be76
be76
be76
be76
be76
be76
be76
be76
be76
be76
be76
be76
be76
be76
be76
be76
be76
be76
be76
be76
be76
be76
be76
be76
be76
